Archive member included to satisfy reference by file (symbol)

c:/program files (x86)/gnu tools arm embedded/7 2017-q4-major/bin/../lib/gcc/arm-none-eabi/7.2.1\libgcc.a(_udivsi3.o)
                              ./_drivers_/src/f1c100s_clock.o (__aeabi_uidiv)
c:/program files (x86)/gnu tools arm embedded/7 2017-q4-major/bin/../lib/gcc/arm-none-eabi/7.2.1\libgcc.a(_divsi3.o)
                              ./_lib_/src/printf.o (__aeabi_idiv)
c:/program files (x86)/gnu tools arm embedded/7 2017-q4-major/bin/../lib/gcc/arm-none-eabi/7.2.1\libgcc.a(_dvmd_tls.o)
                              c:/program files (x86)/gnu tools arm embedded/7 2017-q4-major/bin/../lib/gcc/arm-none-eabi/7.2.1\libgcc.a(_udivsi3.o) (__aeabi_idiv0)
c:/program files (x86)/gnu tools arm embedded/7 2017-q4-major/bin/../lib/gcc/arm-none-eabi/7.2.1\libgcc.a(_arm_addsubdf3.o)
                              ./_lib_/src/printf.o (__aeabi_dsub)
c:/program files (x86)/gnu tools arm embedded/7 2017-q4-major/bin/../lib/gcc/arm-none-eabi/7.2.1\libgcc.a(_arm_muldivdf3.o)
                              ./_lib_/src/printf.o (__aeabi_dmul)
c:/program files (x86)/gnu tools arm embedded/7 2017-q4-major/bin/../lib/gcc/arm-none-eabi/7.2.1\libgcc.a(_arm_cmpdf2.o)
                              ./_lib_/src/printf.o (__aeabi_dcmpeq)
c:/program files (x86)/gnu tools arm embedded/7 2017-q4-major/bin/../lib/gcc/arm-none-eabi/7.2.1\libgcc.a(_arm_fixdfsi.o)
                              ./_lib_/src/printf.o (__aeabi_d2iz)
c:/program files (x86)/gnu tools arm embedded/7 2017-q4-major/bin/../lib/gcc/arm-none-eabi/7.2.1\libgcc.a(_arm_fixunsdfsi.o)
                              ./_lib_/src/printf.o (__aeabi_d2uiz)
c:/program files (x86)/gnu tools arm embedded/7 2017-q4-major/bin/../lib/gcc/arm-none-eabi/7.2.1\libgcc.a(_aeabi_uldivmod.o)
                              ./_lib_/src/printf.o (__aeabi_uldivmod)
c:/program files (x86)/gnu tools arm embedded/7 2017-q4-major/bin/../lib/gcc/arm-none-eabi/7.2.1\libgcc.a(_udivmoddi4.o)
                              c:/program files (x86)/gnu tools arm embedded/7 2017-q4-major/bin/../lib/gcc/arm-none-eabi/7.2.1\libgcc.a(_aeabi_uldivmod.o) (__udivmoddi4)
c:/program files (x86)/gnu tools arm embedded/7 2017-q4-major/bin/../lib/gcc/arm-none-eabi/7.2.1\libgcc.a(_clzdi2.o)
                              c:/program files (x86)/gnu tools arm embedded/7 2017-q4-major/bin/../lib/gcc/arm-none-eabi/7.2.1\libgcc.a(_udivmoddi4.o) (__clzdi2)
c:/program files (x86)/gnu tools arm embedded/7 2017-q4-major/bin/../lib/gcc/arm-none-eabi/7.2.1\libgcc.a(_clzsi2.o)
                              c:/program files (x86)/gnu tools arm embedded/7 2017-q4-major/bin/../lib/gcc/arm-none-eabi/7.2.1\libgcc.a(_clzdi2.o) (__clzsi2)
c:/program files (x86)/gnu tools arm embedded/7 2017-q4-major/bin/../lib/gcc/arm-none-eabi/7.2.1/../../../../arm-none-eabi/lib\libc_nano.a(lib_a-memcpy-stub.o)
                              ./_drivers_/src/f1c100s_de.o (memcpy)
c:/program files (x86)/gnu tools arm embedded/7 2017-q4-major/bin/../lib/gcc/arm-none-eabi/7.2.1/../../../../arm-none-eabi/lib\libc_nano.a(lib_a-memset.o)
                              ./_drivers_/src/f1c100s_intc.o (memset)
c:/program files (x86)/gnu tools arm embedded/7 2017-q4-major/bin/../lib/gcc/arm-none-eabi/7.2.1/../../../../arm-none-eabi/lib\libc_nano.a(lib_a-printf.o)
                              ./src/exception.o (printf)
c:/program files (x86)/gnu tools arm embedded/7 2017-q4-major/bin/../lib/gcc/arm-none-eabi/7.2.1/../../../../arm-none-eabi/lib\libc_nano.a(lib_a-reent.o)
                              ./_lib_/src/syscalls.o (errno)
c:/program files (x86)/gnu tools arm embedded/7 2017-q4-major/bin/../lib/gcc/arm-none-eabi/7.2.1/../../../../arm-none-eabi/lib\libc_nano.a(lib_a-strlen.o)
                              ./_lib_/src/syscalls.o (strlen)
c:/program files (x86)/gnu tools arm embedded/7 2017-q4-major/bin/../lib/gcc/arm-none-eabi/7.2.1/../../../../arm-none-eabi/lib\libc_nano.a(lib_a-findfp.o)
                              c:/program files (x86)/gnu tools arm embedded/7 2017-q4-major/bin/../lib/gcc/arm-none-eabi/7.2.1/../../../../arm-none-eabi/lib\libc_nano.a(lib_a-printf.o) (__sinit)
c:/program files (x86)/gnu tools arm embedded/7 2017-q4-major/bin/../lib/gcc/arm-none-eabi/7.2.1/../../../../arm-none-eabi/lib\libc_nano.a(lib_a-fwalk.o)
                              c:/program files (x86)/gnu tools arm embedded/7 2017-q4-major/bin/../lib/gcc/arm-none-eabi/7.2.1/../../../../arm-none-eabi/lib\libc_nano.a(lib_a-findfp.o) (_fwalk)
c:/program files (x86)/gnu tools arm embedded/7 2017-q4-major/bin/../lib/gcc/arm-none-eabi/7.2.1/../../../../arm-none-eabi/lib\libc_nano.a(lib_a-impure.o)
                              c:/program files (x86)/gnu tools arm embedded/7 2017-q4-major/bin/../lib/gcc/arm-none-eabi/7.2.1/../../../../arm-none-eabi/lib\libc_nano.a(lib_a-findfp.o) (_global_impure_ptr)
[...]
Memory Configuration

Name             Origin             Length             Attributes
ram              0x80000000         0x01ffc000
mmu              0x83ffc000         0x00004000
*default*        0x00000000         0xffffffff

Linker script and memory map

LOAD ./src/exception.o
LOAD ./src/main.o
LOAD ./src/spi_flash.o
LOAD ./src/system.o
LOAD ./_lib_/src/printf.o
LOAD ./_lib_/src/syscalls.o
LOAD ./_drivers_/src/f1c100s_clock.o
LOAD ./_drivers_/src/f1c100s_de.o
LOAD ./_drivers_/src/f1c100s_gpio.o
LOAD ./_drivers_/src/f1c100s_intc.o
LOAD ./_drivers_/src/f1c100s_pwm.o
LOAD ./_drivers_/src/f1c100s_sdc.o
LOAD ./_drivers_/src/f1c100s_timer.o
LOAD ./_drivers_/src/f1c100s_tvd.o
LOAD ./_drivers_/src/f1c100s_tve.o
LOAD ./_drivers_/src/f1c100s_uart.o
LOAD ./_arm926_/src/cache-v5.o
LOAD ./_arm926_/src/start.o
LOAD c:/program files (x86)/gnu tools arm embedded/7 2017-q4-major/bin/../lib/gcc/arm-none-eabi/7.2.1\libgcc.a
LOAD c:/program files (x86)/gnu tools arm embedded/7 2017-q4-major/bin/../lib/gcc/arm-none-eabi/7.2.1/../../../../arm-none-eabi/lib\libm.a
LOAD c:/program files (x86)/gnu tools arm embedded/7 2017-q4-major/bin/../lib/gcc/arm-none-eabi/7.2.1/../../../../arm-none-eabi/lib\libc_nano.a
START GROUP
LOAD c:/program files (x86)/gnu tools arm embedded/7 2017-q4-major/bin/../lib/gcc/arm-none-eabi/7.2.1\libgcc.a
LOAD c:/program files (x86)/gnu tools arm embedded/7 2017-q4-major/bin/../lib/gcc/arm-none-eabi/7.2.1/../../../../arm-none-eabi/lib\libg.a
LOAD c:/program files (x86)/gnu tools arm embedded/7 2017-q4-major/bin/../lib/gcc/arm-none-eabi/7.2.1/../../../../arm-none-eabi/lib\libc.a
END GROUP
                0x00010000                STACK_UND_SIZE = 0x10000
                0x00010000                STACK_ABT_SIZE = 0x10000
                0x00010000                STACK_IRQ_SIZE = 0x10000
                0x00010000                STACK_FIQ_SIZE = 0x10000
                0x00040000                STACK_SVC_SIZE = 0x40000
                0x00800000                HEAP_SIZE = 0x800000

.text           0x80000000     0x2ac0
                0x80000000                PROVIDE (__image_start, .)
                [!provide]                PROVIDE (__text_start, .)
 ./_arm926_/src/start.o(.text)
 .text          0x80000000      0x2fc ./_arm926_/src/start.o
                0x80000018                _start
 *(.text*)
 .text.show_regs
                0x800002fc       0x78 ./src/exception.o
 .text._undefined_instruction_
                0x80000374       0x20 ./src/exception.o
                0x80000374                _undefined_instruction_
 .text._software_interrupt_
                0x80000394        0xc ./src/exception.o
                0x80000394                _software_interrupt_
 .text._prefetch_abort_
                0x800003a0        0x8 ./src/exception.o
                0x800003a0                _prefetch_abort_
 .text._data_abort_
                0x800003a8       0x20 ./src/exception.o
                0x800003a8                _data_abort_
 .text.timer_init
                0x800003c8       0x30 ./src/main.o
                0x800003c8                timer_init
 .text.delay    0x800003f8       0x44 ./src/main.o
                0x800003f8                delay
 .text.startup.main
                0x8000043c       0xd4 ./src/main.o
                0x8000043c                main
 .text.system_init
                0x80000510      0x238 ./src/system.o
                0x80000510                system_init
 .text._putchar
                0x80000748       0x2c ./src/system.o
                0x80000748                _putchar
 .text._close   0x80000774        0x8 ./_lib_/src/syscalls.o
                0x80000774                _close
 .text._fstat   0x8000077c        0x8 ./_lib_/src/syscalls.o
                0x8000077c                _fstat
 .text._isatty  0x80000784        0x8 ./_lib_/src/syscalls.o
                0x80000784                _isatty
 .text._lseek   0x8000078c        0x8 ./_lib_/src/syscalls.o
                0x8000078c                _lseek
 .text._sbrk_r  0x80000794       0x88 ./_lib_/src/syscalls.o
                0x80000794                _sbrk_r
 .text._read    0x8000081c        0x8 ./_lib_/src/syscalls.o
                0x8000081c                _read
 .text._write   0x80000824       0x48 ./_lib_/src/syscalls.o
                0x80000824                _write
 .text.clk_pll_enable
                0x8000086c       0x18 ./_drivers_/src/f1c100s_clock.o
                0x8000086c                clk_pll_enable
 .text.clk_pll_is_locked
                0x80000884       0x18 ./_drivers_/src/f1c100s_clock.o
                0x80000884                clk_pll_is_locked
 .text.clk_pll_init
                0x8000089c      0x204 ./_drivers_/src/f1c100s_clock.o
                0x8000089c                clk_pll_init
 .text.clk_pll_get_freq
                0x80000aa0      0x128 ./_drivers_/src/f1c100s_clock.o
                0x80000aa0                clk_pll_get_freq
 .text.clk_enable
                0x80000bc8       0x1c ./_drivers_/src/f1c100s_clock.o
                0x80000bc8                clk_enable
 .text.clk_cpu_config
                0x80000be4       0x1c ./_drivers_/src/f1c100s_clock.o
                0x80000be4                clk_cpu_config
 .text.clk_cpu_get_freq
                0x80000c00       0x4c ./_drivers_/src/f1c100s_clock.o
                0x80000c00                clk_cpu_get_freq
 .text.clk_hclk_config
                0x80000c4c       0x28 ./_drivers_/src/f1c100s_clock.o
                0x80000c4c                clk_hclk_config
 .text.clk_ahb_config
                0x80000c74       0x88 ./_drivers_/src/f1c100s_clock.o
                0x80000c74                clk_ahb_config
 .text.clk_ahb_get_freq
                0x80000cfc       0x88 ./_drivers_/src/f1c100s_clock.o
                0x80000cfc                clk_ahb_get_freq
 .text.clk_apb_config
                0x80000d84       0x1c ./_drivers_/src/f1c100s_clock.o
                0x80000d84                clk_apb_config
 .text.clk_apb_get_freq
                0x80000da0       0x4c ./_drivers_/src/f1c100s_clock.o
                0x80000da0                clk_apb_get_freq
 .text.clk_reset_clear
                0x80000dec        0x4 ./_drivers_/src/f1c100s_clock.o
                0x80000dec                clk_reset_clear
 .text.gpio_pin_init
                0x80000df0       0x78 ./_drivers_/src/f1c100s_gpio.o
                0x80000df0                gpio_pin_init
 .text.gpio_init
                0x80000e68       0x54 ./_drivers_/src/f1c100s_gpio.o
                0x80000e68                gpio_init
 .text.gpio_pin_set
                0x80000ebc       0x14 ./_drivers_/src/f1c100s_gpio.o
                0x80000ebc                gpio_pin_set
 .text.gpio_pin_clear
                0x80000ed0       0x14 ./_drivers_/src/f1c100s_gpio.o
                0x80000ed0                gpio_pin_clear
 .text.intc_disable_irq
                0x80000ee4       0x30 ./_drivers_/src/f1c100s_intc.o
                0x80000ee4                intc_disable_irq
 .text.intc_init
                0x80000f14       0x34 ./_drivers_/src/f1c100s_intc.o
                0x80000f14                intc_init
 .text.irq_handler_global
                0x80000f48       0x30 ./_drivers_/src/f1c100s_intc.o
                0x80000f48                irq_handler_global
 .text.tim_init
                0x80000f78       0x24 ./_drivers_/src/f1c100s_timer.o
                0x80000f78                tim_init
 .text.tim_set_period
                0x80000f9c       0x14 ./_drivers_/src/f1c100s_timer.o
                0x80000f9c                tim_set_period
 .text.tim_set_cnt
                0x80000fb0       0x14 ./_drivers_/src/f1c100s_timer.o
                0x80000fb0                tim_set_cnt
 .text.tim_start
                0x80000fc4       0x20 ./_drivers_/src/f1c100s_timer.o
                0x80000fc4                tim_start
 .text.tim_get_int_status
                0x80000fe4       0x14 ./_drivers_/src/f1c100s_timer.o
                0x80000fe4                tim_get_int_status
 .text.tim_clear_irq
                0x80000ff8       0x18 ./_drivers_/src/f1c100s_timer.o
                0x80000ff8                tim_clear_irq
 .text.uart_set_baudrate
                0x80001010       0x4c ./_drivers_/src/f1c100s_uart.o
                0x80001010                uart_set_baudrate
 .text.uart_init
                0x8000105c       0x34 ./_drivers_/src/f1c100s_uart.o
                0x8000105c                uart_init
 .text.uart_tx  0x80001090        0x8 ./_drivers_/src/f1c100s_uart.o
                0x80001090                uart_tx
 .text.uart_get_status
                0x80001098        0xc ./_drivers_/src/f1c100s_uart.o
                0x80001098                uart_get_status
 .text          0x800010a4      0x114 c:/program files (x86)/gnu tools arm embedded/7 2017-q4-major/bin/../lib/gcc/arm-none-eabi/7.2.1\libgcc.a(_udivsi3.o)
                0x800010a4                __aeabi_uidiv
                0x800010a4                __udivsi3
                0x80001198                __aeabi_uidivmod
 .text          0x800011b8      0x148 c:/program files (x86)/gnu tools arm embedded/7 2017-q4-major/bin/../lib/gcc/arm-none-eabi/7.2.1\libgcc.a(_divsi3.o)
                0x800011b8                __divsi3
                0x800011b8                __aeabi_idiv
                0x800012e0                __aeabi_idivmod
 .text          0x80001300        0x4 c:/program files (x86)/gnu tools arm embedded/7 2017-q4-major/bin/../lib/gcc/arm-none-eabi/7.2.1\libgcc.a(_dvmd_tls.o)
                0x80001300                __aeabi_idiv0
                0x80001300                __aeabi_ldiv0
 .text.memset   0x80001304       0x18 c:/program files (x86)/gnu tools arm embedded/7 2017-q4-major/bin/../lib/gcc/arm-none-eabi/7.2.1/../../../../arm-none-eabi/lib\libc_nano.a(lib_a-memset.o)
                0x80001304                memset
 .text.printf   0x8000131c       0x54 c:/program files (x86)/gnu tools arm embedded/7 2017-q4-major/bin/../lib/gcc/arm-none-eabi/7.2.1/../../../../arm-none-eabi/lib\libc_nano.a(lib_a-printf.o)
                0x8000131c                iprintf
                0x8000131c                printf
 .text          0x80001370        0xe c:/program files (x86)/gnu tools arm embedded/7 2017-q4-major/bin/../lib/gcc/arm-none-eabi/7.2.1/../../../../arm-none-eabi/lib\libc_nano.a(lib_a-strlen.o)
                0x80001370                strlen
 *fill*         0x8000137e        0x2 
 .text.std      0x80001380       0x7c c:/program files (x86)/gnu tools arm embedded/7 2017-q4-major/bin/../lib/gcc/arm-none-eabi/7.2.1/../../../../arm-none-eabi/lib\libc_nano.a(lib_a-findfp.o)
 .text._cleanup_r
                0x800013fc       0x18 c:/program files (x86)/gnu tools arm embedded/7 2017-q4-major/bin/../lib/gcc/arm-none-eabi/7.2.1/../../../../arm-none-eabi/lib\libc_nano.a(lib_a-findfp.o)
                0x800013fc                _cleanup_r
 .text.__sfmoreglue
                0x80001414       0x48 c:/program files (x86)/gnu tools arm embedded/7 2017-q4-major/bin/../lib/gcc/arm-none-eabi/7.2.1/../../../../arm-none-eabi/lib\libc_nano.a(lib_a-findfp.o)
                0x80001414                __sfmoreglue
 .text.__sinit  0x8000145c       0xa4 c:/program files (x86)/gnu tools arm embedded/7 2017-q4-major/bin/../lib/gcc/arm-none-eabi/7.2.1/../../../../arm-none-eabi/lib\libc_nano.a(lib_a-findfp.o)
                0x8000145c                __sinit
 .text.__sfp    0x80001500       0xd8 c:/program files (x86)/gnu tools arm embedded/7 2017-q4-major/bin/../lib/gcc/arm-none-eabi/7.2.1/../../../../arm-none-eabi/lib\libc_nano.a(lib_a-findfp.o)
                0x80001500                __sfp
 .text._fwalk_reent
                0x800015d8       0x70 c:/program files (x86)/gnu tools arm embedded/7 2017-q4-major/bin/../lib/gcc/arm-none-eabi/7.2.1/../../../../arm-none-eabi/lib\libc_nano.a(lib_a-fwalk.o)
                0x800015d8                _fwalk_reent
 .text._free_r  0x80001648      0x114 c:/program files (x86)/gnu tools arm embedded/7 2017-q4-major/bin/../lib/gcc/arm-none-eabi/7.2.1/../../../../arm-none-eabi/lib\libc_nano.a(lib_a-nano-freer.o)
                0x80001648                _free_r
 .text._malloc_r
                0x8000175c      0x138 c:/program files (x86)/gnu tools arm embedded/7 2017-q4-major/bin/../lib/gcc/arm-none-eabi/7.2.1/../../../../arm-none-eabi/lib\libc_nano.a(lib_a-nano-mallocr.o)
                0x8000175c                _malloc_r
 .text.__sfputc_r
                0x80001894       0x68 c:/program files (x86)/gnu tools arm embedded/7 2017-q4-major/bin/../lib/gcc/arm-none-eabi/7.2.1/../../../../arm-none-eabi/lib\libc_nano.a(lib_a-nano-vfprintf.o)
 .text.__sfputs_r
                0x800018fc       0x40 c:/program files (x86)/gnu tools arm embedded/7 2017-q4-major/bin/../lib/gcc/arm-none-eabi/7.2.1/../../../../arm-none-eabi/lib\libc_nano.a(lib_a-nano-vfprintf.o)
                0x800018fc                __sfputs_r
 .text._vfprintf_r
                0x8000193c      0x374 c:/program files (x86)/gnu tools arm embedded/7 2017-q4-major/bin/../lib/gcc/arm-none-eabi/7.2.1/../../../../arm-none-eabi/lib\libc_nano.a(lib_a-nano-vfprintf.o)
                0x8000193c                _vfprintf_r
                0x8000193c                _vfiprintf_r
 .text._printf_common
                0x80001cb0      0x174 c:/program files (x86)/gnu tools arm embedded/7 2017-q4-major/bin/../lib/gcc/arm-none-eabi/7.2.1/../../../../arm-none-eabi/lib\libc_nano.a(lib_a-nano-vfprintf_i.o)
                0x80001cb0                _printf_common
 .text._printf_i
                0x80001e24      0x394 c:/program files (x86)/gnu tools arm embedded/7 2017-q4-major/bin/../lib/gcc/arm-none-eabi/7.2.1/../../../../arm-none-eabi/lib\libc_nano.a(lib_a-nano-vfprintf_i.o)
                0x80001e24                _printf_i
 .text.__sread  0x800021b8       0x34 c:/program files (x86)/gnu tools arm embedded/7 2017-q4-major/bin/../lib/gcc/arm-none-eabi/7.2.1/../../../../arm-none-eabi/lib\libc_nano.a(lib_a-stdio.o)
                0x800021b8                __sread
 .text.__swrite
                0x800021ec       0x54 c:/program files (x86)/gnu tools arm embedded/7 2017-q4-major/bin/../lib/gcc/arm-none-eabi/7.2.1/../../../../arm-none-eabi/lib\libc_nano.a(lib_a-stdio.o)
                0x800021ec                __swrite
 .text.__sseek  0x80002240       0x34 c:/program files (x86)/gnu tools arm embedded/7 2017-q4-major/bin/../lib/gcc/arm-none-eabi/7.2.1/../../../../arm-none-eabi/lib\libc_nano.a(lib_a-stdio.o)
                0x80002240                __sseek
 .text.__sclose
                0x80002274       0x14 c:/program files (x86)/gnu tools arm embedded/7 2017-q4-major/bin/../lib/gcc/arm-none-eabi/7.2.1/../../../../arm-none-eabi/lib\libc_nano.a(lib_a-stdio.o)
                0x80002274                __sclose
 .text.__swbuf_r
                0x80002288      0x12c c:/program files (x86)/gnu tools arm embedded/7 2017-q4-major/bin/../lib/gcc/arm-none-eabi/7.2.1/../../../../arm-none-eabi/lib\libc_nano.a(lib_a-wbuf.o)
                0x80002288                __swbuf_r
 .text._write_r
                0x800023b4       0x44 c:/program files (x86)/gnu tools arm embedded/7 2017-q4-major/bin/../lib/gcc/arm-none-eabi/7.2.1/../../../../arm-none-eabi/lib\libc_nano.a(lib_a-writer.o)
                0x800023b4                _write_r
 .text.__swsetup_r
                0x800023f8      0x170 c:/program files (x86)/gnu tools arm embedded/7 2017-q4-major/bin/../lib/gcc/arm-none-eabi/7.2.1/../../../../arm-none-eabi/lib\libc_nano.a(lib_a-wsetup.o)
                0x800023f8                __swsetup_r
 .text._close_r
                0x80002568       0x3c c:/program files (x86)/gnu tools arm embedded/7 2017-q4-major/bin/../lib/gcc/arm-none-eabi/7.2.1/../../../../arm-none-eabi/lib\libc_nano.a(lib_a-closer.o)
                0x80002568                _close_r
 .text.__sflush_r
                0x800025a4      0x1e8 c:/program files (x86)/gnu tools arm embedded/7 2017-q4-major/bin/../lib/gcc/arm-none-eabi/7.2.1/../../../../arm-none-eabi/lib\libc_nano.a(lib_a-fflush.o)
                0x800025a4                __sflush_r
 .text._fflush_r
                0x8000278c       0x90 c:/program files (x86)/gnu tools arm embedded/7 2017-q4-major/bin/../lib/gcc/arm-none-eabi/7.2.1/../../../../arm-none-eabi/lib\libc_nano.a(lib_a-fflush.o)
                0x8000278c                _fflush_r
 .text._lseek_r
                0x8000281c       0x44 c:/program files (x86)/gnu tools arm embedded/7 2017-q4-major/bin/../lib/gcc/arm-none-eabi/7.2.1/../../../../arm-none-eabi/lib\libc_nano.a(lib_a-lseekr.o)
                0x8000281c                _lseek_r
 .text.__swhatbuf_r
                0x80002860       0x7c c:/program files (x86)/gnu tools arm embedded/7 2017-q4-major/bin/../lib/gcc/arm-none-eabi/7.2.1/../../../../arm-none-eabi/lib\libc_nano.a(lib_a-makebuf.o)
                0x80002860                __swhatbuf_r
 .text.__smakebuf_r
                0x800028dc       0xdc c:/program files (x86)/gnu tools arm embedded/7 2017-q4-major/bin/../lib/gcc/arm-none-eabi/7.2.1/../../../../arm-none-eabi/lib\libc_nano.a(lib_a-makebuf.o)
                0x800028dc                __smakebuf_r
 .text.memchr   0x800029b8       0x30 c:/program files (x86)/gnu tools arm embedded/7 2017-q4-major/bin/../lib/gcc/arm-none-eabi/7.2.1/../../../../arm-none-eabi/lib\libc_nano.a(lib_a-memchr-stub.o)
                0x800029b8                memchr
 .text.__malloc_lock
                0x800029e8        0x4 c:/program files (x86)/gnu tools arm embedded/7 2017-q4-major/bin/../lib/gcc/arm-none-eabi/7.2.1/../../../../arm-none-eabi/lib\libc_nano.a(lib_a-mlock.o)
                0x800029e8                __malloc_lock
 .text.__malloc_unlock
                0x800029ec        0x4 c:/program files (x86)/gnu tools arm embedded/7 2017-q4-major/bin/../lib/gcc/arm-none-eabi/7.2.1/../../../../arm-none-eabi/lib\libc_nano.a(lib_a-mlock.o)
                0x800029ec                __malloc_unlock
 .text._read_r  0x800029f0       0x44 c:/program files (x86)/gnu tools arm embedded/7 2017-q4-major/bin/../lib/gcc/arm-none-eabi/7.2.1/../../../../arm-none-eabi/lib\libc_nano.a(lib_a-readr.o)
                0x800029f0                _read_r
 .text._fstat_r
                0x80002a34       0x40 c:/program files (x86)/gnu tools arm embedded/7 2017-q4-major/bin/../lib/gcc/arm-none-eabi/7.2.1/../../../../arm-none-eabi/lib\libc_nano.a(lib_a-fstatr.o)
                0x80002a34                _fstat_r
 .text._isatty_r
                0x80002a74       0x3c c:/program files (x86)/gnu tools arm embedded/7 2017-q4-major/bin/../lib/gcc/arm-none-eabi/7.2.1/../../../../arm-none-eabi/lib\libc_nano.a(lib_a-isattyr.o)
                0x80002a74                _isatty_r
 .text._isatty_r.__stub
                0x80002ab0        0xc linker stubs
                [!provide]                PROVIDE (__text_end, .)

.glue_7         0x80002ac0        0x0
 .glue_7        0x80002ac0        0x0 linker stubs

.glue_7t        0x80002ac0        0x0
 .glue_7t       0x80002ac0        0x0 linker stubs

.vfp11_veneer   0x80002ac0        0x0
 .vfp11_veneer  0x80002ac0        0x0 linker stubs

.v4_bx          0x80002ac0        0x0
 .v4_bx         0x80002ac0        0x0 linker stubs

.iplt           0x80002ac0        0x0
 .iplt          0x80002ac0        0x0 ./src/exception.o

.rodata         0x80002ac0      0x13f
                [!provide]                PROVIDE (__rodata_start, .)
 *(SORT_BY_ALIGNMENT(SORT_BY_NAME(.rodata*)))
 .rodata.__sf_fake_stderr
                0x80002ac0       0x20 c:/program files (x86)/gnu tools arm embedded/7 2017-q4-major/bin/../lib/gcc/arm-none-eabi/7.2.1/../../../../arm-none-eabi/lib\libc_nano.a(lib_a-findfp.o)
                0x80002ac0                __sf_fake_stderr
 .rodata.__sf_fake_stdin
                0x80002ae0       0x20 c:/program files (x86)/gnu tools arm embedded/7 2017-q4-major/bin/../lib/gcc/arm-none-eabi/7.2.1/../../../../arm-none-eabi/lib\libc_nano.a(lib_a-findfp.o)
                0x80002ae0                __sf_fake_stdin
 .rodata.__sf_fake_stdout
                0x80002b00       0x20 c:/program files (x86)/gnu tools arm embedded/7 2017-q4-major/bin/../lib/gcc/arm-none-eabi/7.2.1/../../../../arm-none-eabi/lib\libc_nano.a(lib_a-findfp.o)
                0x80002b00                __sf_fake_stdout
 .rodata._global_impure_ptr
                0x80002b20        0x4 c:/program files (x86)/gnu tools arm embedded/7 2017-q4-major/bin/../lib/gcc/arm-none-eabi/7.2.1/../../../../arm-none-eabi/lib\libc_nano.a(lib_a-impure.o)
                0x80002b20                _global_impure_ptr
 .rodata._data_abort_.str1.1
                0x80002b24       0x15 ./src/exception.o
 .rodata._printf_i.str1.1
                0x80002b39       0x22 c:/program files (x86)/gnu tools arm embedded/7 2017-q4-major/bin/../lib/gcc/arm-none-eabi/7.2.1/../../../../arm-none-eabi/lib\libc_nano.a(lib_a-nano-vfprintf_i.o)
 .rodata._sbrk_r.str1.1
                0x80002b5b        0xd ./_lib_/src/syscalls.o
 .rodata._software_interrupt_.str1.1
                0x80002b68       0x19 ./src/exception.o
 .rodata._undefined_instruction_.str1.1
                0x80002b81       0x19 ./src/exception.o
 .rodata._vfprintf_r.str1.1
                0x80002b9a       0x11 c:/program files (x86)/gnu tools arm embedded/7 2017-q4-major/bin/../lib/gcc/arm-none-eabi/7.2.1/../../../../arm-none-eabi/lib\libc_nano.a(lib_a-nano-vfprintf.o)
 .rodata.main.str1.1
                0x80002bab        0xd ./src/main.o
 .rodata.show_regs.str1.1
                0x80002bb8       0x47 ./src/exception.o
                                 0x4a (size before relaxing)
                [!provide]                PROVIDE (__rodata_end, .)

.rel.dyn        0x80002c00        0x0
 .rel.iplt      0x80002c00        0x0 ./src/exception.o

.data           0x80002c00       0x68
                0x80002c00                PROVIDE (__data_start, .)
 *(.data*)
 .data._impure_ptr
                0x80002c00        0x4 c:/program files (x86)/gnu tools arm embedded/7 2017-q4-major/bin/../lib/gcc/arm-none-eabi/7.2.1/../../../../arm-none-eabi/lib\libc_nano.a(lib_a-impure.o)
                0x80002c00                _impure_ptr
 .data.impure_data
                0x80002c04       0x60 c:/program files (x86)/gnu tools arm embedded/7 2017-q4-major/bin/../lib/gcc/arm-none-eabi/7.2.1/../../../../arm-none-eabi/lib\libc_nano.a(lib_a-impure.o)
                0x80002c68                . = ALIGN (0x8)
 *fill*         0x80002c64        0x4 
                0x80002c68                PROVIDE (__data_end, .)
                0x80002c68                PROVIDE (__image_end, __data_end)

.igot.plt       0x80002c68        0x0
 .igot.plt      0x80002c68        0x0 ./src/exception.o

.ARM.exidx      0x80002c68        0x0
                [!provide]                PROVIDE (__exidx_start, .)
 *(.ARM.exidx*)
                [!provide]                PROVIDE (__exidx_end, .)

.ARM.extab      0x80002c68        0x0
                [!provide]                PROVIDE (__extab_start, .)
 *(.ARM.extab*)
                [!provide]                PROVIDE (__extab_end, .)

.bss            0x80002c68       0xb4
                0x80002c68                PROVIDE (__bss_start, .)
 *(.bss*)
 .bss._cur_brk  0x80002c68        0x4 ./_lib_/src/syscalls.o
 .bss.irq_handlers
                0x80002c6c       0xa4 ./_drivers_/src/f1c100s_intc.o
 .bss.__malloc_free_list
                0x80002d10        0x4 c:/program files (x86)/gnu tools arm embedded/7 2017-q4-major/bin/../lib/gcc/arm-none-eabi/7.2.1/../../../../arm-none-eabi/lib\libc_nano.a(lib_a-nano-mallocr.o)
                0x80002d10                __malloc_free_list
 .bss.__malloc_sbrk_start
                0x80002d14        0x4 c:/program files (x86)/gnu tools arm embedded/7 2017-q4-major/bin/../lib/gcc/arm-none-eabi/7.2.1/../../../../arm-none-eabi/lib\libc_nano.a(lib_a-nano-mallocr.o)
                0x80002d14                __malloc_sbrk_start
 *(.sbss*)
 *(COMMON)
 COMMON         0x80002d18        0x4 c:/program files (x86)/gnu tools arm embedded/7 2017-q4-major/bin/../lib/gcc/arm-none-eabi/7.2.1/../../../../arm-none-eabi/lib\libc_nano.a(lib_a-reent.o)
                0x80002d18                errno
                0x80002d1c                PROVIDE (__bss_end, .)

.heap           0x80002d20   0x800000
                0x80002d20                PROVIDE (__heap_start, .)
                0x80802d20                . = (. + HEAP_SIZE)
 *fill*         0x80002d20   0x800000 
                0x80802d20                . = ALIGN (0x8)
                0x80802d20                PROVIDE (__heap_end, .)

.stack          0x80802d20    0x80000
                [!provide]                PROVIDE (__stack_start, .)
                [!provide]                PROVIDE (__stack_und_start, .)
                0x80812d20                . = (. + STACK_UND_SIZE)
 *fill*         0x80802d20    0x10000 
                0x80812d20                PROVIDE (__stack_und_end, .)
                0x80812d20                . = ALIGN (0x8)
                [!provide]                PROVIDE (__stack_abt_start, .)
                0x80822d20                . = (. + STACK_ABT_SIZE)
 *fill*         0x80812d20    0x10000 
                0x80822d20                PROVIDE (__stack_abt_end, .)
                0x80822d20                . = ALIGN (0x8)
                [!provide]                PROVIDE (__stack_irq_start, .)
                0x80832d20                . = (. + STACK_IRQ_SIZE)
 *fill*         0x80822d20    0x10000 
                0x80832d20                PROVIDE (__stack_irq_end, .)
                0x80832d20                . = ALIGN (0x8)
                [!provide]                PROVIDE (__stack_fiq_start, .)
                0x80842d20                . = (. + STACK_FIQ_SIZE)
 *fill*         0x80832d20    0x10000 
                0x80842d20                PROVIDE (__stack_fiq_end, .)
                0x80842d20                . = ALIGN (0x8)
                [!provide]                PROVIDE (__stack_svc_start, .)
                0x80882d20                . = (. + STACK_SVC_SIZE)
 *fill*         0x80842d20    0x40000 
                0x80882d20                PROVIDE (__stack_svc_end, .)
                0x80882d20                . = ALIGN (0x8)
                [!provide]                PROVIDE (__stack_end, .)

.mmu_tbl        0x83ffc000     0x4000
                0x83ffc000                . = ALIGN (0x8)
 *(.mmu_tbl)
 .mmu_tbl       0x83ffc000     0x4000 ./src/system.o
                0x83ffc000                mmu_l1_tbl
OUTPUT(template.elf elf32-littlearm)

.debug_info     0x00000000     0x5765
 .debug_info    0x00000000      0xa91 ./src/exception.o
 .debug_info    0x00000a91      0xcf3 ./src/main.o
 .debug_info    0x00001784      0xafe ./src/system.o
 .debug_info    0x00002282      0xe1b ./_lib_/src/syscalls.o
 .debug_info    0x0000309d      0xc4d ./_drivers_/src/f1c100s_clock.o
 .debug_info    0x00003cea      0x65f ./_drivers_/src/f1c100s_gpio.o
 .debug_info    0x00004349      0xb8c ./_drivers_/src/f1c100s_intc.o
 .debug_info    0x00004ed5      0x4d3 ./_drivers_/src/f1c100s_timer.o
 .debug_info    0x000053a8      0x397 ./_drivers_/src/f1c100s_uart.o
 .debug_info    0x0000573f       0x26 ./_arm926_/src/start.o

.debug_abbrev   0x00000000     0x12f5
 .debug_abbrev  0x00000000      0x22f ./src/exception.o
 .debug_abbrev  0x0000022f      0x295 ./src/main.o
 .debug_abbrev  0x000004c4      0x1fb ./src/system.o
 .debug_abbrev  0x000006bf      0x302 ./_lib_/src/syscalls.o
 .debug_abbrev  0x000009c1      0x2e6 ./_drivers_/src/f1c100s_clock.o
 .debug_abbrev  0x00000ca7      0x135 ./_drivers_/src/f1c100s_gpio.o
 .debug_abbrev  0x00000ddc      0x2ac ./_drivers_/src/f1c100s_intc.o
 .debug_abbrev  0x00001088      0x12b ./_drivers_/src/f1c100s_timer.o
 .debug_abbrev  0x000011b3      0x12e ./_drivers_/src/f1c100s_uart.o
 .debug_abbrev  0x000012e1       0x14 ./_arm926_/src/start.o

.debug_loc      0x00000000     0x179c
 .debug_loc     0x00000000       0xb5 ./src/exception.o
 .debug_loc     0x000000b5       0x3d ./src/main.o
 .debug_loc     0x000000f2      0x309 ./src/system.o
 .debug_loc     0x000003fb      0x1e0 ./_lib_/src/syscalls.o
 .debug_loc     0x000005db      0xaa1 ./_drivers_/src/f1c100s_clock.o
 .debug_loc     0x0000107c      0x376 ./_drivers_/src/f1c100s_gpio.o
 .debug_loc     0x000013f2      0x116 ./_drivers_/src/f1c100s_intc.o
 .debug_loc     0x00001508      0x108 ./_drivers_/src/f1c100s_timer.o
 .debug_loc     0x00001610      0x18c ./_drivers_/src/f1c100s_uart.o

.debug_aranges  0x00000000      0x390
 .debug_aranges
                0x00000000       0x38 ./src/exception.o
 .debug_aranges
                0x00000038       0x30 ./src/main.o
 .debug_aranges
                0x00000068       0x28 ./src/system.o
 .debug_aranges
                0x00000090       0x68 ./_lib_/src/syscalls.o
 .debug_aranges
                0x000000f8       0xb8 ./_drivers_/src/f1c100s_clock.o
 .debug_aranges
                0x000001b0       0x90 ./_drivers_/src/f1c100s_gpio.o
 .debug_aranges
                0x00000240       0x48 ./_drivers_/src/f1c100s_intc.o
 .debug_aranges
                0x00000288       0x90 ./_drivers_/src/f1c100s_timer.o
 .debug_aranges
                0x00000318       0x58 ./_drivers_/src/f1c100s_uart.o
 .debug_aranges
                0x00000370       0x20 ./_arm926_/src/start.o

.debug_ranges   0x00000000      0x3c0
 .debug_ranges  0x00000000       0x28 ./src/exception.o
 .debug_ranges  0x00000028       0x20 ./src/main.o
 .debug_ranges  0x00000048       0x48 ./src/system.o
 .debug_ranges  0x00000090       0x88 ./_lib_/src/syscalls.o
 .debug_ranges  0x00000118       0xd8 ./_drivers_/src/f1c100s_clock.o
 .debug_ranges  0x000001f0       0x80 ./_drivers_/src/f1c100s_gpio.o
 .debug_ranges  0x00000270       0x58 ./_drivers_/src/f1c100s_intc.o
 .debug_ranges  0x000002c8       0xb0 ./_drivers_/src/f1c100s_timer.o
 .debug_ranges  0x00000378       0x48 ./_drivers_/src/f1c100s_uart.o

.debug_line     0x00000000     0x15f9
 .debug_line    0x00000000      0x24d ./src/exception.o
 .debug_line    0x0000024d      0x2ac ./src/main.o
 .debug_line    0x000004f9      0x1d2 ./src/system.o
 .debug_line    0x000006cb      0x310 ./_lib_/src/syscalls.o
 .debug_line    0x000009db      0x338 ./_drivers_/src/f1c100s_clock.o
 .debug_line    0x00000d13      0x215 ./_drivers_/src/f1c100s_gpio.o
 .debug_line    0x00000f28      0x24a ./_drivers_/src/f1c100s_intc.o
 .debug_line    0x00001172      0x209 ./_drivers_/src/f1c100s_timer.o
 .debug_line    0x0000137b      0x199 ./_drivers_/src/f1c100s_uart.o
 .debug_line    0x00001514       0xe5 ./_arm926_/src/start.o

.debug_str      0x00000000     0x1d9f
 .debug_str     0x00000000      0x593 ./src/exception.o
                                0x61c (size before relaxing)
 .debug_str     0x00000593      0x28a ./src/main.o
                                0x829 (size before relaxing)
 .debug_str     0x0000081d      0x689 ./src/system.o
                                0x94e (size before relaxing)
 .debug_str     0x00000ea6      0x1f0 ./_lib_/src/syscalls.o
                                0x7f0 (size before relaxing)
 .debug_str     0x00001096      0x278 ./_drivers_/src/f1c100s_clock.o
                                0x86f (size before relaxing)
 .debug_str     0x0000130e      0x317 ./_drivers_/src/f1c100s_gpio.o
                                0x5da (size before relaxing)
 .debug_str     0x00001625      0x2d9 ./_drivers_/src/f1c100s_intc.o
                                0x880 (size before relaxing)
 .debug_str     0x000018fe      0x250 ./_drivers_/src/f1c100s_timer.o
                                0x4ec (size before relaxing)
 .debug_str     0x00001b4e      0x22a ./_drivers_/src/f1c100s_uart.o
                                0x41f (size before relaxing)
 .debug_str     0x00001d78       0x27 ./_arm926_/src/start.o
                                 0x42 (size before relaxing)

.comment        0x00000000       0x7e
 .comment       0x00000000       0x7e ./src/exception.o
                                 0x7f (size before relaxing)
 .comment       0x0000007e       0x7f ./src/main.o
 .comment       0x0000007e       0x7f ./src/system.o
 .comment       0x0000007e       0x7f ./_lib_/src/syscalls.o
 .comment       0x0000007e       0x7f ./_drivers_/src/f1c100s_clock.o
 .comment       0x0000007e       0x7f ./_drivers_/src/f1c100s_gpio.o
 .comment       0x0000007e       0x7f ./_drivers_/src/f1c100s_intc.o
 .comment       0x0000007e       0x7f ./_drivers_/src/f1c100s_timer.o
 .comment       0x0000007e       0x7f ./_drivers_/src/f1c100s_uart.o

.ARM.attributes
                0x00000000       0x30
 .ARM.attributes
                0x00000000       0x32 ./src/exception.o
 .ARM.attributes
                0x00000032       0x32 ./src/main.o
 .ARM.attributes
                0x00000064       0x32 ./src/system.o
 .ARM.attributes
                0x00000096       0x32 ./_lib_/src/syscalls.o
 .ARM.attributes
                0x000000c8       0x32 ./_drivers_/src/f1c100s_clock.o
 .ARM.attributes
                0x000000fa       0x32 ./_drivers_/src/f1c100s_gpio.o
 .ARM.attributes
                0x0000012c       0x32 ./_drivers_/src/f1c100s_intc.o
 .ARM.attributes
                0x0000015e       0x32 ./_drivers_/src/f1c100s_timer.o
 .ARM.attributes
                0x00000190       0x32 ./_drivers_/src/f1c100s_uart.o
 .ARM.attributes
                0x000001c2       0x22 ./_arm926_/src/start.o
 .ARM.attributes
                0x000001e4       0x18 c:/program files (x86)/gnu tools arm embedded/7 2017-q4-major/bin/../lib/gcc/arm-none-eabi/7.2.1\libgcc.a(_udivsi3.o)
 .ARM.attributes
                0x000001fc       0x18 c:/program files (x86)/gnu tools arm embedded/7 2017-q4-major/bin/../lib/gcc/arm-none-eabi/7.2.1\libgcc.a(_divsi3.o)
 .ARM.attributes
                0x00000214       0x18 c:/program files (x86)/gnu tools arm embedded/7 2017-q4-major/bin/../lib/gcc/arm-none-eabi/7.2.1\libgcc.a(_dvmd_tls.o)
 .ARM.attributes
                0x0000022c       0x30 c:/program files (x86)/gnu tools arm embedded/7 2017-q4-major/bin/../lib/gcc/arm-none-eabi/7.2.1/../../../../arm-none-eabi/lib\libc_nano.a(lib_a-memset.o)
 .ARM.attributes
                0x0000025c       0x30 c:/program files (x86)/gnu tools arm embedded/7 2017-q4-major/bin/../lib/gcc/arm-none-eabi/7.2.1/../../../../arm-none-eabi/lib\libc_nano.a(lib_a-printf.o)
 .ARM.attributes
                0x0000028c       0x30 c:/program files (x86)/gnu tools arm embedded/7 2017-q4-major/bin/../lib/gcc/arm-none-eabi/7.2.1/../../../../arm-none-eabi/lib\libc_nano.a(lib_a-reent.o)
 .ARM.attributes
                0x000002bc       0x1c c:/program files (x86)/gnu tools arm embedded/7 2017-q4-major/bin/../lib/gcc/arm-none-eabi/7.2.1/../../../../arm-none-eabi/lib\libc_nano.a(lib_a-strlen.o)
 .ARM.attributes
                0x000002d8       0x30 c:/program files (x86)/gnu tools arm embedded/7 2017-q4-major/bin/../lib/gcc/arm-none-eabi/7.2.1/../../../../arm-none-eabi/lib\libc_nano.a(lib_a-findfp.o)
 .ARM.attributes
                0x00000308       0x30 c:/program files (x86)/gnu tools arm embedded/7 2017-q4-major/bin/../lib/gcc/arm-none-eabi/7.2.1/../../../../arm-none-eabi/lib\libc_nano.a(lib_a-fwalk.o)
 .ARM.attributes
                0x00000338       0x30 c:/program files (x86)/gnu tools arm embedded/7 2017-q4-major/bin/../lib/gcc/arm-none-eabi/7.2.1/../../../../arm-none-eabi/lib\libc_nano.a(lib_a-impure.o)
 .ARM.attributes
                0x00000368       0x30 c:/program files (x86)/gnu tools arm embedded/7 2017-q4-major/bin/../lib/gcc/arm-none-eabi/7.2.1/../../../../arm-none-eabi/lib\libc_nano.a(lib_a-nano-freer.o)
 .ARM.attributes
                0x00000398       0x30 c:/program files (x86)/gnu tools arm embedded/7 2017-q4-major/bin/../lib/gcc/arm-none-eabi/7.2.1/../../../../arm-none-eabi/lib\libc_nano.a(lib_a-nano-mallocr.o)
 .ARM.attributes
                0x000003c8       0x30 c:/program files (x86)/gnu tools arm embedded/7 2017-q4-major/bin/../lib/gcc/arm-none-eabi/7.2.1/../../../../arm-none-eabi/lib\libc_nano.a(lib_a-nano-vfprintf.o)
 .ARM.attributes
                0x000003f8       0x30 c:/program files (x86)/gnu tools arm embedded/7 2017-q4-major/bin/../lib/gcc/arm-none-eabi/7.2.1/../../../../arm-none-eabi/lib\libc_nano.a(lib_a-nano-vfprintf_i.o)
 .ARM.attributes
                0x00000428       0x30 c:/program files (x86)/gnu tools arm embedded/7 2017-q4-major/bin/../lib/gcc/arm-none-eabi/7.2.1/../../../../arm-none-eabi/lib\libc_nano.a(lib_a-stdio.o)
 .ARM.attributes
                0x00000458       0x30 c:/program files (x86)/gnu tools arm embedded/7 2017-q4-major/bin/../lib/gcc/arm-none-eabi/7.2.1/../../../../arm-none-eabi/lib\libc_nano.a(lib_a-wbuf.o)
 .ARM.attributes
                0x00000488       0x30 c:/program files (x86)/gnu tools arm embedded/7 2017-q4-major/bin/../lib/gcc/arm-none-eabi/7.2.1/../../../../arm-none-eabi/lib\libc_nano.a(lib_a-writer.o)
 .ARM.attributes
                0x000004b8       0x30 c:/program files (x86)/gnu tools arm embedded/7 2017-q4-major/bin/../lib/gcc/arm-none-eabi/7.2.1/../../../../arm-none-eabi/lib\libc_nano.a(lib_a-wsetup.o)
 .ARM.attributes
                0x000004e8       0x30 c:/program files (x86)/gnu tools arm embedded/7 2017-q4-major/bin/../lib/gcc/arm-none-eabi/7.2.1/../../../../arm-none-eabi/lib\libc_nano.a(lib_a-closer.o)
 .ARM.attributes
                0x00000518       0x30 c:/program files (x86)/gnu tools arm embedded/7 2017-q4-major/bin/../lib/gcc/arm-none-eabi/7.2.1/../../../../arm-none-eabi/lib\libc_nano.a(lib_a-fflush.o)
 .ARM.attributes
                0x00000548       0x30 c:/program files (x86)/gnu tools arm embedded/7 2017-q4-major/bin/../lib/gcc/arm-none-eabi/7.2.1/../../../../arm-none-eabi/lib\libc_nano.a(lib_a-lseekr.o)
 .ARM.attributes
                0x00000578       0x30 c:/program files (x86)/gnu tools arm embedded/7 2017-q4-major/bin/../lib/gcc/arm-none-eabi/7.2.1/../../../../arm-none-eabi/lib\libc_nano.a(lib_a-makebuf.o)
 .ARM.attributes
                0x000005a8       0x30 c:/program files (x86)/gnu tools arm embedded/7 2017-q4-major/bin/../lib/gcc/arm-none-eabi/7.2.1/../../../../arm-none-eabi/lib\libc_nano.a(lib_a-memchr-stub.o)
 .ARM.attributes
                0x000005d8       0x30 c:/program files (x86)/gnu tools arm embedded/7 2017-q4-major/bin/../lib/gcc/arm-none-eabi/7.2.1/../../../../arm-none-eabi/lib\libc_nano.a(lib_a-mlock.o)
 .ARM.attributes
                0x00000608       0x30 c:/program files (x86)/gnu tools arm embedded/7 2017-q4-major/bin/../lib/gcc/arm-none-eabi/7.2.1/../../../../arm-none-eabi/lib\libc_nano.a(lib_a-readr.o)
 .ARM.attributes
                0x00000638       0x30 c:/program files (x86)/gnu tools arm embedded/7 2017-q4-major/bin/../lib/gcc/arm-none-eabi/7.2.1/../../../../arm-none-eabi/lib\libc_nano.a(lib_a-fstatr.o)
 .ARM.attributes
                0x00000668       0x30 c:/program files (x86)/gnu tools arm embedded/7 2017-q4-major/bin/../lib/gcc/arm-none-eabi/7.2.1/../../../../arm-none-eabi/lib\libc_nano.a(lib_a-isattyr.o)

.debug_frame    0x00000000      0xfb0
 .debug_frame   0x00000000       0x90 ./src/exception.o
 .debug_frame   0x00000090       0x60 ./src/main.o
 .debug_frame   0x000000f0       0x4c ./src/system.o
 .debug_frame   0x0000013c       0xe0 ./_lib_/src/syscalls.o
 .debug_frame   0x0000021c      0x1c8 ./_drivers_/src/f1c100s_clock.o
 .debug_frame   0x000003e4      0x150 ./_drivers_/src/f1c100s_gpio.o
 .debug_frame   0x00000534       0x7c ./_drivers_/src/f1c100s_intc.o
 .debug_frame   0x000005b0      0x100 ./_drivers_/src/f1c100s_timer.o
 .debug_frame   0x000006b0       0xa4 ./_drivers_/src/f1c100s_uart.o
 .debug_frame   0x00000754       0x20 c:/program files (x86)/gnu tools arm embedded/7 2017-q4-major/bin/../lib/gcc/arm-none-eabi/7.2.1\libgcc.a(_udivsi3.o)
 .debug_frame   0x00000774       0x20 c:/program files (x86)/gnu tools arm embedded/7 2017-q4-major/bin/../lib/gcc/arm-none-eabi/7.2.1\libgcc.a(_divsi3.o)
 .debug_frame   0x00000794       0x20 c:/program files (x86)/gnu tools arm embedded/7 2017-q4-major/bin/../lib/gcc/arm-none-eabi/7.2.1/../../../../arm-none-eabi/lib\libc_nano.a(lib_a-memset.o)
 .debug_frame   0x000007b4       0x74 c:/program files (x86)/gnu tools arm embedded/7 2017-q4-major/bin/../lib/gcc/arm-none-eabi/7.2.1/../../../../arm-none-eabi/lib\libc_nano.a(lib_a-printf.o)
 .debug_frame   0x00000828       0x64 c:/program files (x86)/gnu tools arm embedded/7 2017-q4-major/bin/../lib/gcc/arm-none-eabi/7.2.1/../../../../arm-none-eabi/lib\libc_nano.a(lib_a-reent.o)
 .debug_frame   0x0000088c      0x164 c:/program files (x86)/gnu tools arm embedded/7 2017-q4-major/bin/../lib/gcc/arm-none-eabi/7.2.1/../../../../arm-none-eabi/lib\libc_nano.a(lib_a-findfp.o)
 .debug_frame   0x000009f0       0x70 c:/program files (x86)/gnu tools arm embedded/7 2017-q4-major/bin/../lib/gcc/arm-none-eabi/7.2.1/../../../../arm-none-eabi/lib\libc_nano.a(lib_a-fwalk.o)
 .debug_frame   0x00000a60       0x38 c:/program files (x86)/gnu tools arm embedded/7 2017-q4-major/bin/../lib/gcc/arm-none-eabi/7.2.1/../../../../arm-none-eabi/lib\libc_nano.a(lib_a-nano-freer.o)
 .debug_frame   0x00000a98       0x38 c:/program files (x86)/gnu tools arm embedded/7 2017-q4-major/bin/../lib/gcc/arm-none-eabi/7.2.1/../../../../arm-none-eabi/lib\libc_nano.a(lib_a-nano-mallocr.o)
 .debug_frame   0x00000ad0       0xd0 c:/program files (x86)/gnu tools arm embedded/7 2017-q4-major/bin/../lib/gcc/arm-none-eabi/7.2.1/../../../../arm-none-eabi/lib\libc_nano.a(lib_a-nano-vfprintf.o)
 .debug_frame   0x00000ba0       0x80 c:/program files (x86)/gnu tools arm embedded/7 2017-q4-major/bin/../lib/gcc/arm-none-eabi/7.2.1/../../../../arm-none-eabi/lib\libc_nano.a(lib_a-nano-vfprintf_i.o)
 .debug_frame   0x00000c20       0x9c c:/program files (x86)/gnu tools arm embedded/7 2017-q4-major/bin/../lib/gcc/arm-none-eabi/7.2.1/../../../../arm-none-eabi/lib\libc_nano.a(lib_a-stdio.o)
 .debug_frame   0x00000cbc       0x4c c:/program files (x86)/gnu tools arm embedded/7 2017-q4-major/bin/../lib/gcc/arm-none-eabi/7.2.1/../../../../arm-none-eabi/lib\libc_nano.a(lib_a-wbuf.o)
 .debug_frame   0x00000d08       0x34 c:/program files (x86)/gnu tools arm embedded/7 2017-q4-major/bin/../lib/gcc/arm-none-eabi/7.2.1/../../../../arm-none-eabi/lib\libc_nano.a(lib_a-writer.o)
 .debug_frame   0x00000d3c       0x38 c:/program files (x86)/gnu tools arm embedded/7 2017-q4-major/bin/../lib/gcc/arm-none-eabi/7.2.1/../../../../arm-none-eabi/lib\libc_nano.a(lib_a-wsetup.o)
 .debug_frame   0x00000d74       0x34 c:/program files (x86)/gnu tools arm embedded/7 2017-q4-major/bin/../lib/gcc/arm-none-eabi/7.2.1/../../../../arm-none-eabi/lib\libc_nano.a(lib_a-closer.o)
 .debug_frame   0x00000da8       0x84 c:/program files (x86)/gnu tools arm embedded/7 2017-q4-major/bin/../lib/gcc/arm-none-eabi/7.2.1/../../../../arm-none-eabi/lib\libc_nano.a(lib_a-fflush.o)
 .debug_frame   0x00000e2c       0x34 c:/program files (x86)/gnu tools arm embedded/7 2017-q4-major/bin/../lib/gcc/arm-none-eabi/7.2.1/../../../../arm-none-eabi/lib\libc_nano.a(lib_a-lseekr.o)
 .debug_frame   0x00000e60       0x64 c:/program files (x86)/gnu tools arm embedded/7 2017-q4-major/bin/../lib/gcc/arm-none-eabi/7.2.1/../../../../arm-none-eabi/lib\libc_nano.a(lib_a-makebuf.o)
 .debug_frame   0x00000ec4       0x20 c:/program files (x86)/gnu tools arm embedded/7 2017-q4-major/bin/../lib/gcc/arm-none-eabi/7.2.1/../../../../arm-none-eabi/lib\libc_nano.a(lib_a-memchr-stub.o)
 .debug_frame   0x00000ee4       0x30 c:/program files (x86)/gnu tools arm embedded/7 2017-q4-major/bin/../lib/gcc/arm-none-eabi/7.2.1/../../../../arm-none-eabi/lib\libc_nano.a(lib_a-mlock.o)
 .debug_frame   0x00000f14       0x34 c:/program files (x86)/gnu tools arm embedded/7 2017-q4-major/bin/../lib/gcc/arm-none-eabi/7.2.1/../../../../arm-none-eabi/lib\libc_nano.a(lib_a-readr.o)
 .debug_frame   0x00000f48       0x34 c:/program files (x86)/gnu tools arm embedded/7 2017-q4-major/bin/../lib/gcc/arm-none-eabi/7.2.1/../../../../arm-none-eabi/lib\libc_nano.a(lib_a-fstatr.o)
 .debug_frame   0x00000f7c       0x34 c:/program files (x86)/gnu tools arm embedded/7 2017-q4-major/bin/../lib/gcc/arm-none-eabi/7.2.1/../../../../arm-none-eabi/lib\libc_nano.a(lib_a-isattyr.o)

Cross Reference Table

Symbol                                            File
__adddf3                                          c:/program files (x86)/gnu tools arm embedded/7 2017-q4-major/bin/../lib/gcc/arm-none-eabi/7.2.1\libgcc.a(_arm_addsubdf3.o)
__aeabi_cdcmpeq                                   c:/program files (x86)/gnu tools arm embedded/7 2017-q4-major/bin/../lib/gcc/arm-none-eabi/7.2.1\libgcc.a(_arm_cmpdf2.o)
__aeabi_cdcmple                                   c:/program files (x86)/gnu tools arm embedded/7 2017-q4-major/bin/../lib/gcc/arm-none-eabi/7.2.1\libgcc.a(_arm_cmpdf2.o)
__aeabi_cdrcmple                                  c:/program files (x86)/gnu tools arm embedded/7 2017-q4-major/bin/../lib/gcc/arm-none-eabi/7.2.1\libgcc.a(_arm_cmpdf2.o)
__aeabi_d2iz                                      c:/program files (x86)/gnu tools arm embedded/7 2017-q4-major/bin/../lib/gcc/arm-none-eabi/7.2.1\libgcc.a(_arm_fixdfsi.o)
                                                  ./_lib_/src/printf.o
__aeabi_d2uiz                                     c:/program files (x86)/gnu tools arm embedded/7 2017-q4-major/bin/../lib/gcc/arm-none-eabi/7.2.1\libgcc.a(_arm_fixunsdfsi.o)
                                                  ./_lib_/src/printf.o
__aeabi_dadd                                      c:/program files (x86)/gnu tools arm embedded/7 2017-q4-major/bin/../lib/gcc/arm-none-eabi/7.2.1\libgcc.a(_arm_addsubdf3.o)
                                                  ./_lib_/src/printf.o
__aeabi_dcmpeq                                    c:/program files (x86)/gnu tools arm embedded/7 2017-q4-major/bin/../lib/gcc/arm-none-eabi/7.2.1\libgcc.a(_arm_cmpdf2.o)
                                                  ./_lib_/src/printf.o
__aeabi_dcmpge                                    c:/program files (x86)/gnu tools arm embedded/7 2017-q4-major/bin/../lib/gcc/arm-none-eabi/7.2.1\libgcc.a(_arm_cmpdf2.o)
                                                  ./_lib_/src/printf.o
__aeabi_dcmpgt                                    c:/program files (x86)/gnu tools arm embedded/7 2017-q4-major/bin/../lib/gcc/arm-none-eabi/7.2.1\libgcc.a(_arm_cmpdf2.o)
                                                  ./_lib_/src/printf.o
__aeabi_dcmple                                    c:/program files (x86)/gnu tools arm embedded/7 2017-q4-major/bin/../lib/gcc/arm-none-eabi/7.2.1\libgcc.a(_arm_cmpdf2.o)
                                                  ./_lib_/src/printf.o
__aeabi_dcmplt                                    c:/program files (x86)/gnu tools arm embedded/7 2017-q4-major/bin/../lib/gcc/arm-none-eabi/7.2.1\libgcc.a(_arm_cmpdf2.o)
                                                  ./_lib_/src/printf.o
__aeabi_ddiv                                      c:/program files (x86)/gnu tools arm embedded/7 2017-q4-major/bin/../lib/gcc/arm-none-eabi/7.2.1\libgcc.a(_arm_muldivdf3.o)
                                                  ./_lib_/src/printf.o
__aeabi_dmul                                      c:/program files (x86)/gnu tools arm embedded/7 2017-q4-major/bin/../lib/gcc/arm-none-eabi/7.2.1\libgcc.a(_arm_muldivdf3.o)
                                                  ./_lib_/src/printf.o
__aeabi_drsub                                     c:/program files (x86)/gnu tools arm embedded/7 2017-q4-major/bin/../lib/gcc/arm-none-eabi/7.2.1\libgcc.a(_arm_addsubdf3.o)
__aeabi_dsub                                      c:/program files (x86)/gnu tools arm embedded/7 2017-q4-major/bin/../lib/gcc/arm-none-eabi/7.2.1\libgcc.a(_arm_addsubdf3.o)
                                                  ./_lib_/src/printf.o
__aeabi_f2d                                       c:/program files (x86)/gnu tools arm embedded/7 2017-q4-major/bin/../lib/gcc/arm-none-eabi/7.2.1\libgcc.a(_arm_addsubdf3.o)
__aeabi_i2d                                       c:/program files (x86)/gnu tools arm embedded/7 2017-q4-major/bin/../lib/gcc/arm-none-eabi/7.2.1\libgcc.a(_arm_addsubdf3.o)
                                                  ./_lib_/src/printf.o
__aeabi_idiv                                      c:/program files (x86)/gnu tools arm embedded/7 2017-q4-major/bin/../lib/gcc/arm-none-eabi/7.2.1\libgcc.a(_divsi3.o)
                                                  c:/program files (x86)/gnu tools arm embedded/7 2017-q4-major/bin/../lib/gcc/arm-none-eabi/7.2.1/../../../../arm-none-eabi/lib\libc_nano.a(lib_a-fvwrite.o)
                                                  ./_drivers_/src/f1c100s_clock.o
                                                  ./_lib_/src/printf.o
__aeabi_idiv0                                     c:/program files (x86)/gnu tools arm embedded/7 2017-q4-major/bin/../lib/gcc/arm-none-eabi/7.2.1\libgcc.a(_dvmd_tls.o)
                                                  c:/program files (x86)/gnu tools arm embedded/7 2017-q4-major/bin/../lib/gcc/arm-none-eabi/7.2.1\libgcc.a(_divsi3.o)
                                                  c:/program files (x86)/gnu tools arm embedded/7 2017-q4-major/bin/../lib/gcc/arm-none-eabi/7.2.1\libgcc.a(_udivsi3.o)
__aeabi_idivmod                                   c:/program files (x86)/gnu tools arm embedded/7 2017-q4-major/bin/../lib/gcc/arm-none-eabi/7.2.1\libgcc.a(_divsi3.o)
                                                  ./_lib_/src/printf.o
__aeabi_l2d                                       c:/program files (x86)/gnu tools arm embedded/7 2017-q4-major/bin/../lib/gcc/arm-none-eabi/7.2.1\libgcc.a(_arm_addsubdf3.o)
__aeabi_ldiv0                                     c:/program files (x86)/gnu tools arm embedded/7 2017-q4-major/bin/../lib/gcc/arm-none-eabi/7.2.1\libgcc.a(_dvmd_tls.o)
                                                  c:/program files (x86)/gnu tools arm embedded/7 2017-q4-major/bin/../lib/gcc/arm-none-eabi/7.2.1\libgcc.a(_aeabi_uldivmod.o)
__aeabi_ui2d                                      c:/program files (x86)/gnu tools arm embedded/7 2017-q4-major/bin/../lib/gcc/arm-none-eabi/7.2.1\libgcc.a(_arm_addsubdf3.o)
                                                  ./_lib_/src/printf.o
__aeabi_uidiv                                     c:/program files (x86)/gnu tools arm embedded/7 2017-q4-major/bin/../lib/gcc/arm-none-eabi/7.2.1\libgcc.a(_udivsi3.o)
                                                  ./_drivers_/src/f1c100s_uart.o
                                                  ./_drivers_/src/f1c100s_de.o
                                                  ./_drivers_/src/f1c100s_clock.o
__aeabi_uidivmod                                  c:/program files (x86)/gnu tools arm embedded/7 2017-q4-major/bin/../lib/gcc/arm-none-eabi/7.2.1\libgcc.a(_udivsi3.o)
                                                  c:/program files (x86)/gnu tools arm embedded/7 2017-q4-major/bin/../lib/gcc/arm-none-eabi/7.2.1/../../../../arm-none-eabi/lib\libc_nano.a(lib_a-nano-vfprintf_i.o)
                                                  ./_drivers_/src/f1c100s_clock.o
                                                  ./_lib_/src/printf.o
__aeabi_ul2d                                      c:/program files (x86)/gnu tools arm embedded/7 2017-q4-major/bin/../lib/gcc/arm-none-eabi/7.2.1\libgcc.a(_arm_addsubdf3.o)
__aeabi_uldivmod                                  c:/program files (x86)/gnu tools arm embedded/7 2017-q4-major/bin/../lib/gcc/arm-none-eabi/7.2.1\libgcc.a(_aeabi_uldivmod.o)
                                                  ./_lib_/src/printf.o
__bss_end                                         ./_arm926_/src/start.o
__bss_start                                       ./_arm926_/src/start.o
__clzdi2                                          c:/program files (x86)/gnu tools arm embedded/7 2017-q4-major/bin/../lib/gcc/arm-none-eabi/7.2.1\libgcc.a(_clzdi2.o)
                                                  c:/program files (x86)/gnu tools arm embedded/7 2017-q4-major/bin/../lib/gcc/arm-none-eabi/7.2.1\libgcc.a(_udivmoddi4.o)
__clzsi2                                          c:/program files (x86)/gnu tools arm embedded/7 2017-q4-major/bin/../lib/gcc/arm-none-eabi/7.2.1\libgcc.a(_clzsi2.o)
                                                  c:/program files (x86)/gnu tools arm embedded/7 2017-q4-major/bin/../lib/gcc/arm-none-eabi/7.2.1\libgcc.a(_clzdi2.o)
__cmpdf2                                          c:/program files (x86)/gnu tools arm embedded/7 2017-q4-major/bin/../lib/gcc/arm-none-eabi/7.2.1\libgcc.a(_arm_cmpdf2.o)
__data_end                                        ./_arm926_/src/start.o
__data_start                                      ./_arm926_/src/start.o
__divdf3                                          c:/program files (x86)/gnu tools arm embedded/7 2017-q4-major/bin/../lib/gcc/arm-none-eabi/7.2.1\libgcc.a(_arm_muldivdf3.o)
__divsi3                                          c:/program files (x86)/gnu tools arm embedded/7 2017-q4-major/bin/../lib/gcc/arm-none-eabi/7.2.1\libgcc.a(_divsi3.o)
__eqdf2                                           c:/program files (x86)/gnu tools arm embedded/7 2017-q4-major/bin/../lib/gcc/arm-none-eabi/7.2.1\libgcc.a(_arm_cmpdf2.o)
__extendsfdf2                                     c:/program files (x86)/gnu tools arm embedded/7 2017-q4-major/bin/../lib/gcc/arm-none-eabi/7.2.1\libgcc.a(_arm_addsubdf3.o)
__fixdfsi                                         c:/program files (x86)/gnu tools arm embedded/7 2017-q4-major/bin/../lib/gcc/arm-none-eabi/7.2.1\libgcc.a(_arm_fixdfsi.o)
__fixunsdfsi                                      c:/program files (x86)/gnu tools arm embedded/7 2017-q4-major/bin/../lib/gcc/arm-none-eabi/7.2.1\libgcc.a(_arm_fixunsdfsi.o)
__floatdidf                                       c:/program files (x86)/gnu tools arm embedded/7 2017-q4-major/bin/../lib/gcc/arm-none-eabi/7.2.1\libgcc.a(_arm_addsubdf3.o)
__floatsidf                                       c:/program files (x86)/gnu tools arm embedded/7 2017-q4-major/bin/../lib/gcc/arm-none-eabi/7.2.1\libgcc.a(_arm_addsubdf3.o)
__floatundidf                                     c:/program files (x86)/gnu tools arm embedded/7 2017-q4-major/bin/../lib/gcc/arm-none-eabi/7.2.1\libgcc.a(_arm_addsubdf3.o)
__floatunsidf                                     c:/program files (x86)/gnu tools arm embedded/7 2017-q4-major/bin/../lib/gcc/arm-none-eabi/7.2.1\libgcc.a(_arm_addsubdf3.o)
__fp_lock_all                                     c:/program files (x86)/gnu tools arm embedded/7 2017-q4-major/bin/../lib/gcc/arm-none-eabi/7.2.1/../../../../arm-none-eabi/lib\libc_nano.a(lib_a-findfp.o)
__fp_unlock_all                                   c:/program files (x86)/gnu tools arm embedded/7 2017-q4-major/bin/../lib/gcc/arm-none-eabi/7.2.1/../../../../arm-none-eabi/lib\libc_nano.a(lib_a-findfp.o)
__gedf2                                           c:/program files (x86)/gnu tools arm embedded/7 2017-q4-major/bin/../lib/gcc/arm-none-eabi/7.2.1\libgcc.a(_arm_cmpdf2.o)
__gtdf2                                           c:/program files (x86)/gnu tools arm embedded/7 2017-q4-major/bin/../lib/gcc/arm-none-eabi/7.2.1\libgcc.a(_arm_cmpdf2.o)
__heap_end                                        ./_lib_/src/syscalls.o
__heap_start                                      ./_lib_/src/syscalls.o
__image_end                                       ./_arm926_/src/start.o
__image_start                                     ./_arm926_/src/start.o
__ledf2                                           c:/program files (x86)/gnu tools arm embedded/7 2017-q4-major/bin/../lib/gcc/arm-none-eabi/7.2.1\libgcc.a(_arm_cmpdf2.o)
__ltdf2                                           c:/program files (x86)/gnu tools arm embedded/7 2017-q4-major/bin/../lib/gcc/arm-none-eabi/7.2.1\libgcc.a(_arm_cmpdf2.o)
__malloc_free_list                                c:/program files (x86)/gnu tools arm embedded/7 2017-q4-major/bin/../lib/gcc/arm-none-eabi/7.2.1/../../../../arm-none-eabi/lib\libc_nano.a(lib_a-nano-mallocr.o)
                                                  c:/program files (x86)/gnu tools arm embedded/7 2017-q4-major/bin/../lib/gcc/arm-none-eabi/7.2.1/../../../../arm-none-eabi/lib\libc_nano.a(lib_a-nano-freer.o)
__malloc_lock                                     c:/program files (x86)/gnu tools arm embedded/7 2017-q4-major/bin/../lib/gcc/arm-none-eabi/7.2.1/../../../../arm-none-eabi/lib\libc_nano.a(lib_a-mlock.o)
                                                  c:/program files (x86)/gnu tools arm embedded/7 2017-q4-major/bin/../lib/gcc/arm-none-eabi/7.2.1/../../../../arm-none-eabi/lib\libc_nano.a(lib_a-nano-mallocr.o)
                                                  c:/program files (x86)/gnu tools arm embedded/7 2017-q4-major/bin/../lib/gcc/arm-none-eabi/7.2.1/../../../../arm-none-eabi/lib\libc_nano.a(lib_a-nano-freer.o)
__malloc_sbrk_start                               c:/program files (x86)/gnu tools arm embedded/7 2017-q4-major/bin/../lib/gcc/arm-none-eabi/7.2.1/../../../../arm-none-eabi/lib\libc_nano.a(lib_a-nano-mallocr.o)
__malloc_unlock                                   c:/program files (x86)/gnu tools arm embedded/7 2017-q4-major/bin/../lib/gcc/arm-none-eabi/7.2.1/../../../../arm-none-eabi/lib\libc_nano.a(lib_a-mlock.o)
                                                  c:/program files (x86)/gnu tools arm embedded/7 2017-q4-major/bin/../lib/gcc/arm-none-eabi/7.2.1/../../../../arm-none-eabi/lib\libc_nano.a(lib_a-nano-mallocr.o)
                                                  c:/program files (x86)/gnu tools arm embedded/7 2017-q4-major/bin/../lib/gcc/arm-none-eabi/7.2.1/../../../../arm-none-eabi/lib\libc_nano.a(lib_a-nano-freer.o)
__muldf3                                          c:/program files (x86)/gnu tools arm embedded/7 2017-q4-major/bin/../lib/gcc/arm-none-eabi/7.2.1\libgcc.a(_arm_muldivdf3.o)
__nedf2                                           c:/program files (x86)/gnu tools arm embedded/7 2017-q4-major/bin/../lib/gcc/arm-none-eabi/7.2.1\libgcc.a(_arm_cmpdf2.o)
__sclose                                          c:/program files (x86)/gnu tools arm embedded/7 2017-q4-major/bin/../lib/gcc/arm-none-eabi/7.2.1/../../../../arm-none-eabi/lib\libc_nano.a(lib_a-stdio.o)
                                                  c:/program files (x86)/gnu tools arm embedded/7 2017-q4-major/bin/../lib/gcc/arm-none-eabi/7.2.1/../../../../arm-none-eabi/lib\libc_nano.a(lib_a-findfp.o)
__seofread                                        c:/program files (x86)/gnu tools arm embedded/7 2017-q4-major/bin/../lib/gcc/arm-none-eabi/7.2.1/../../../../arm-none-eabi/lib\libc_nano.a(lib_a-stdio.o)
__sf_fake_stderr                                  c:/program files (x86)/gnu tools arm embedded/7 2017-q4-major/bin/../lib/gcc/arm-none-eabi/7.2.1/../../../../arm-none-eabi/lib\libc_nano.a(lib_a-findfp.o)
                                                  c:/program files (x86)/gnu tools arm embedded/7 2017-q4-major/bin/../lib/gcc/arm-none-eabi/7.2.1/../../../../arm-none-eabi/lib\libc_nano.a(lib_a-fflush.o)
                                                  c:/program files (x86)/gnu tools arm embedded/7 2017-q4-major/bin/../lib/gcc/arm-none-eabi/7.2.1/../../../../arm-none-eabi/lib\libc_nano.a(lib_a-wsetup.o)
                                                  c:/program files (x86)/gnu tools arm embedded/7 2017-q4-major/bin/../lib/gcc/arm-none-eabi/7.2.1/../../../../arm-none-eabi/lib\libc_nano.a(lib_a-wbuf.o)
                                                  c:/program files (x86)/gnu tools arm embedded/7 2017-q4-major/bin/../lib/gcc/arm-none-eabi/7.2.1/../../../../arm-none-eabi/lib\libc_nano.a(lib_a-nano-vfprintf.o)
                                                  c:/program files (x86)/gnu tools arm embedded/7 2017-q4-major/bin/../lib/gcc/arm-none-eabi/7.2.1/../../../../arm-none-eabi/lib\libc_nano.a(lib_a-impure.o)
__sf_fake_stdin                                   c:/program files (x86)/gnu tools arm embedded/7 2017-q4-major/bin/../lib/gcc/arm-none-eabi/7.2.1/../../../../arm-none-eabi/lib\libc_nano.a(lib_a-findfp.o)
                                                  c:/program files (x86)/gnu tools arm embedded/7 2017-q4-major/bin/../lib/gcc/arm-none-eabi/7.2.1/../../../../arm-none-eabi/lib\libc_nano.a(lib_a-fflush.o)
                                                  c:/program files (x86)/gnu tools arm embedded/7 2017-q4-major/bin/../lib/gcc/arm-none-eabi/7.2.1/../../../../arm-none-eabi/lib\libc_nano.a(lib_a-wsetup.o)
                                                  c:/program files (x86)/gnu tools arm embedded/7 2017-q4-major/bin/../lib/gcc/arm-none-eabi/7.2.1/../../../../arm-none-eabi/lib\libc_nano.a(lib_a-wbuf.o)
                                                  c:/program files (x86)/gnu tools arm embedded/7 2017-q4-major/bin/../lib/gcc/arm-none-eabi/7.2.1/../../../../arm-none-eabi/lib\libc_nano.a(lib_a-nano-vfprintf.o)
                                                  c:/program files (x86)/gnu tools arm embedded/7 2017-q4-major/bin/../lib/gcc/arm-none-eabi/7.2.1/../../../../arm-none-eabi/lib\libc_nano.a(lib_a-impure.o)
__sf_fake_stdout                                  c:/program files (x86)/gnu tools arm embedded/7 2017-q4-major/bin/../lib/gcc/arm-none-eabi/7.2.1/../../../../arm-none-eabi/lib\libc_nano.a(lib_a-findfp.o)
                                                  c:/program files (x86)/gnu tools arm embedded/7 2017-q4-major/bin/../lib/gcc/arm-none-eabi/7.2.1/../../../../arm-none-eabi/lib\libc_nano.a(lib_a-fflush.o)
                                                  c:/program files (x86)/gnu tools arm embedded/7 2017-q4-major/bin/../lib/gcc/arm-none-eabi/7.2.1/../../../../arm-none-eabi/lib\libc_nano.a(lib_a-wsetup.o)
                                                  c:/program files (x86)/gnu tools arm embedded/7 2017-q4-major/bin/../lib/gcc/arm-none-eabi/7.2.1/../../../../arm-none-eabi/lib\libc_nano.a(lib_a-wbuf.o)
                                                  c:/program files (x86)/gnu tools arm embedded/7 2017-q4-major/bin/../lib/gcc/arm-none-eabi/7.2.1/../../../../arm-none-eabi/lib\libc_nano.a(lib_a-nano-vfprintf.o)
                                                  c:/program files (x86)/gnu tools arm embedded/7 2017-q4-major/bin/../lib/gcc/arm-none-eabi/7.2.1/../../../../arm-none-eabi/lib\libc_nano.a(lib_a-impure.o)
__sflush_r                                        c:/program files (x86)/gnu tools arm embedded/7 2017-q4-major/bin/../lib/gcc/arm-none-eabi/7.2.1/../../../../arm-none-eabi/lib\libc_nano.a(lib_a-fflush.o)
__sfmoreglue                                      c:/program files (x86)/gnu tools arm embedded/7 2017-q4-major/bin/../lib/gcc/arm-none-eabi/7.2.1/../../../../arm-none-eabi/lib\libc_nano.a(lib_a-findfp.o)
__sfp                                             c:/program files (x86)/gnu tools arm embedded/7 2017-q4-major/bin/../lib/gcc/arm-none-eabi/7.2.1/../../../../arm-none-eabi/lib\libc_nano.a(lib_a-findfp.o)
__sfp_lock_acquire                                c:/program files (x86)/gnu tools arm embedded/7 2017-q4-major/bin/../lib/gcc/arm-none-eabi/7.2.1/../../../../arm-none-eabi/lib\libc_nano.a(lib_a-findfp.o)
__sfp_lock_release                                c:/program files (x86)/gnu tools arm embedded/7 2017-q4-major/bin/../lib/gcc/arm-none-eabi/7.2.1/../../../../arm-none-eabi/lib\libc_nano.a(lib_a-findfp.o)
__sfputs_r                                        c:/program files (x86)/gnu tools arm embedded/7 2017-q4-major/bin/../lib/gcc/arm-none-eabi/7.2.1/../../../../arm-none-eabi/lib\libc_nano.a(lib_a-nano-vfprintf.o)
__sfvwrite_r                                      c:/program files (x86)/gnu tools arm embedded/7 2017-q4-major/bin/../lib/gcc/arm-none-eabi/7.2.1/../../../../arm-none-eabi/lib\libc_nano.a(lib_a-fvwrite.o)
                                                  c:/program files (x86)/gnu tools arm embedded/7 2017-q4-major/bin/../lib/gcc/arm-none-eabi/7.2.1/../../../../arm-none-eabi/lib\libc_nano.a(lib_a-nano-vfprintf.o)
__sinit                                           c:/program files (x86)/gnu tools arm embedded/7 2017-q4-major/bin/../lib/gcc/arm-none-eabi/7.2.1/../../../../arm-none-eabi/lib\libc_nano.a(lib_a-findfp.o)
                                                  c:/program files (x86)/gnu tools arm embedded/7 2017-q4-major/bin/../lib/gcc/arm-none-eabi/7.2.1/../../../../arm-none-eabi/lib\libc_nano.a(lib_a-fflush.o)
                                                  c:/program files (x86)/gnu tools arm embedded/7 2017-q4-major/bin/../lib/gcc/arm-none-eabi/7.2.1/../../../../arm-none-eabi/lib\libc_nano.a(lib_a-wsetup.o)
                                                  c:/program files (x86)/gnu tools arm embedded/7 2017-q4-major/bin/../lib/gcc/arm-none-eabi/7.2.1/../../../../arm-none-eabi/lib\libc_nano.a(lib_a-wbuf.o)
                                                  c:/program files (x86)/gnu tools arm embedded/7 2017-q4-major/bin/../lib/gcc/arm-none-eabi/7.2.1/../../../../arm-none-eabi/lib\libc_nano.a(lib_a-nano-vfprintf.o)
                                                  c:/program files (x86)/gnu tools arm embedded/7 2017-q4-major/bin/../lib/gcc/arm-none-eabi/7.2.1/../../../../arm-none-eabi/lib\libc_nano.a(lib_a-printf.o)
__sinit_lock_acquire                              c:/program files (x86)/gnu tools arm embedded/7 2017-q4-major/bin/../lib/gcc/arm-none-eabi/7.2.1/../../../../arm-none-eabi/lib\libc_nano.a(lib_a-findfp.o)
__sinit_lock_release                              c:/program files (x86)/gnu tools arm embedded/7 2017-q4-major/bin/../lib/gcc/arm-none-eabi/7.2.1/../../../../arm-none-eabi/lib\libc_nano.a(lib_a-findfp.o)
__smakebuf_r                                      c:/program files (x86)/gnu tools arm embedded/7 2017-q4-major/bin/../lib/gcc/arm-none-eabi/7.2.1/../../../../arm-none-eabi/lib\libc_nano.a(lib_a-makebuf.o)
                                                  c:/program files (x86)/gnu tools arm embedded/7 2017-q4-major/bin/../lib/gcc/arm-none-eabi/7.2.1/../../../../arm-none-eabi/lib\libc_nano.a(lib_a-wsetup.o)
__sprint_r                                        c:/program files (x86)/gnu tools arm embedded/7 2017-q4-major/bin/../lib/gcc/arm-none-eabi/7.2.1/../../../../arm-none-eabi/lib\libc_nano.a(lib_a-nano-vfprintf.o)
__sread                                           c:/program files (x86)/gnu tools arm embedded/7 2017-q4-major/bin/../lib/gcc/arm-none-eabi/7.2.1/../../../../arm-none-eabi/lib\libc_nano.a(lib_a-stdio.o)
                                                  c:/program files (x86)/gnu tools arm embedded/7 2017-q4-major/bin/../lib/gcc/arm-none-eabi/7.2.1/../../../../arm-none-eabi/lib\libc_nano.a(lib_a-findfp.o)
__sseek                                           c:/program files (x86)/gnu tools arm embedded/7 2017-q4-major/bin/../lib/gcc/arm-none-eabi/7.2.1/../../../../arm-none-eabi/lib\libc_nano.a(lib_a-stdio.o)
                                                  c:/program files (x86)/gnu tools arm embedded/7 2017-q4-major/bin/../lib/gcc/arm-none-eabi/7.2.1/../../../../arm-none-eabi/lib\libc_nano.a(lib_a-findfp.o)
__stack_abt_end                                   ./_arm926_/src/start.o
__stack_fiq_end                                   ./_arm926_/src/start.o
__stack_irq_end                                   ./_arm926_/src/start.o
__stack_svc_end                                   ./_arm926_/src/start.o
__stack_und_end                                   ./_arm926_/src/start.o
__subdf3                                          c:/program files (x86)/gnu tools arm embedded/7 2017-q4-major/bin/../lib/gcc/arm-none-eabi/7.2.1\libgcc.a(_arm_addsubdf3.o)
__swbuf                                           c:/program files (x86)/gnu tools arm embedded/7 2017-q4-major/bin/../lib/gcc/arm-none-eabi/7.2.1/../../../../arm-none-eabi/lib\libc_nano.a(lib_a-wbuf.o)
__swbuf_r                                         c:/program files (x86)/gnu tools arm embedded/7 2017-q4-major/bin/../lib/gcc/arm-none-eabi/7.2.1/../../../../arm-none-eabi/lib\libc_nano.a(lib_a-wbuf.o)
                                                  c:/program files (x86)/gnu tools arm embedded/7 2017-q4-major/bin/../lib/gcc/arm-none-eabi/7.2.1/../../../../arm-none-eabi/lib\libc_nano.a(lib_a-nano-vfprintf.o)
__swhatbuf_r                                      c:/program files (x86)/gnu tools arm embedded/7 2017-q4-major/bin/../lib/gcc/arm-none-eabi/7.2.1/../../../../arm-none-eabi/lib\libc_nano.a(lib_a-makebuf.o)
__swrite                                          c:/program files (x86)/gnu tools arm embedded/7 2017-q4-major/bin/../lib/gcc/arm-none-eabi/7.2.1/../../../../arm-none-eabi/lib\libc_nano.a(lib_a-stdio.o)
                                                  c:/program files (x86)/gnu tools arm embedded/7 2017-q4-major/bin/../lib/gcc/arm-none-eabi/7.2.1/../../../../arm-none-eabi/lib\libc_nano.a(lib_a-findfp.o)
__swsetup_r                                       c:/program files (x86)/gnu tools arm embedded/7 2017-q4-major/bin/../lib/gcc/arm-none-eabi/7.2.1/../../../../arm-none-eabi/lib\libc_nano.a(lib_a-wsetup.o)
                                                  c:/program files (x86)/gnu tools arm embedded/7 2017-q4-major/bin/../lib/gcc/arm-none-eabi/7.2.1/../../../../arm-none-eabi/lib\libc_nano.a(lib_a-fvwrite.o)
                                                  c:/program files (x86)/gnu tools arm embedded/7 2017-q4-major/bin/../lib/gcc/arm-none-eabi/7.2.1/../../../../arm-none-eabi/lib\libc_nano.a(lib_a-wbuf.o)
                                                  c:/program files (x86)/gnu tools arm embedded/7 2017-q4-major/bin/../lib/gcc/arm-none-eabi/7.2.1/../../../../arm-none-eabi/lib\libc_nano.a(lib_a-nano-vfprintf.o)
__udivmoddi4                                      c:/program files (x86)/gnu tools arm embedded/7 2017-q4-major/bin/../lib/gcc/arm-none-eabi/7.2.1\libgcc.a(_udivmoddi4.o)
                                                  c:/program files (x86)/gnu tools arm embedded/7 2017-q4-major/bin/../lib/gcc/arm-none-eabi/7.2.1\libgcc.a(_aeabi_uldivmod.o)
__udivsi3                                         c:/program files (x86)/gnu tools arm embedded/7 2017-q4-major/bin/../lib/gcc/arm-none-eabi/7.2.1\libgcc.a(_udivsi3.o)
_cleanup                                          c:/program files (x86)/gnu tools arm embedded/7 2017-q4-major/bin/../lib/gcc/arm-none-eabi/7.2.1/../../../../arm-none-eabi/lib\libc_nano.a(lib_a-findfp.o)
_cleanup_r                                        c:/program files (x86)/gnu tools arm embedded/7 2017-q4-major/bin/../lib/gcc/arm-none-eabi/7.2.1/../../../../arm-none-eabi/lib\libc_nano.a(lib_a-findfp.o)
                                                  c:/program files (x86)/gnu tools arm embedded/7 2017-q4-major/bin/../lib/gcc/arm-none-eabi/7.2.1/../../../../arm-none-eabi/lib\libc_nano.a(lib_a-makebuf.o)
_close                                            ./_lib_/src/syscalls.o
                                                  c:/program files (x86)/gnu tools arm embedded/7 2017-q4-major/bin/../lib/gcc/arm-none-eabi/7.2.1/../../../../arm-none-eabi/lib\libc_nano.a(lib_a-closer.o)
_close_r                                          c:/program files (x86)/gnu tools arm embedded/7 2017-q4-major/bin/../lib/gcc/arm-none-eabi/7.2.1/../../../../arm-none-eabi/lib\libc_nano.a(lib_a-closer.o)
                                                  c:/program files (x86)/gnu tools arm embedded/7 2017-q4-major/bin/../lib/gcc/arm-none-eabi/7.2.1/../../../../arm-none-eabi/lib\libc_nano.a(lib_a-stdio.o)
_data_abort_                                      ./src/exception.o
_exit                                             ./_lib_/src/syscalls.o
_fflush_r                                         c:/program files (x86)/gnu tools arm embedded/7 2017-q4-major/bin/../lib/gcc/arm-none-eabi/7.2.1/../../../../arm-none-eabi/lib\libc_nano.a(lib_a-fflush.o)
                                                  c:/program files (x86)/gnu tools arm embedded/7 2017-q4-major/bin/../lib/gcc/arm-none-eabi/7.2.1/../../../../arm-none-eabi/lib\libc_nano.a(lib_a-fvwrite.o)
                                                  c:/program files (x86)/gnu tools arm embedded/7 2017-q4-major/bin/../lib/gcc/arm-none-eabi/7.2.1/../../../../arm-none-eabi/lib\libc_nano.a(lib_a-wbuf.o)
                                                  c:/program files (x86)/gnu tools arm embedded/7 2017-q4-major/bin/../lib/gcc/arm-none-eabi/7.2.1/../../../../arm-none-eabi/lib\libc_nano.a(lib_a-findfp.o)
_free_r                                           c:/program files (x86)/gnu tools arm embedded/7 2017-q4-major/bin/../lib/gcc/arm-none-eabi/7.2.1/../../../../arm-none-eabi/lib\libc_nano.a(lib_a-nano-freer.o)
                                                  c:/program files (x86)/gnu tools arm embedded/7 2017-q4-major/bin/../lib/gcc/arm-none-eabi/7.2.1/../../../../arm-none-eabi/lib\libc_nano.a(lib_a-nano-reallocr.o)
                                                  c:/program files (x86)/gnu tools arm embedded/7 2017-q4-major/bin/../lib/gcc/arm-none-eabi/7.2.1/../../../../arm-none-eabi/lib\libc_nano.a(lib_a-fvwrite.o)
                                                  c:/program files (x86)/gnu tools arm embedded/7 2017-q4-major/bin/../lib/gcc/arm-none-eabi/7.2.1/../../../../arm-none-eabi/lib\libc_nano.a(lib_a-fflush.o)
                                                  c:/program files (x86)/gnu tools arm embedded/7 2017-q4-major/bin/../lib/gcc/arm-none-eabi/7.2.1/../../../../arm-none-eabi/lib\libc_nano.a(lib_a-wsetup.o)
                                                  c:/program files (x86)/gnu tools arm embedded/7 2017-q4-major/bin/../lib/gcc/arm-none-eabi/7.2.1/../../../../arm-none-eabi/lib\libc_nano.a(lib_a-reent.o)
_fstat                                            ./_lib_/src/syscalls.o
                                                  c:/program files (x86)/gnu tools arm embedded/7 2017-q4-major/bin/../lib/gcc/arm-none-eabi/7.2.1/../../../../arm-none-eabi/lib\libc_nano.a(lib_a-fstatr.o)
_fstat_r                                          c:/program files (x86)/gnu tools arm embedded/7 2017-q4-major/bin/../lib/gcc/arm-none-eabi/7.2.1/../../../../arm-none-eabi/lib\libc_nano.a(lib_a-fstatr.o)
                                                  c:/program files (x86)/gnu tools arm embedded/7 2017-q4-major/bin/../lib/gcc/arm-none-eabi/7.2.1/../../../../arm-none-eabi/lib\libc_nano.a(lib_a-makebuf.o)
_fwalk                                            c:/program files (x86)/gnu tools arm embedded/7 2017-q4-major/bin/../lib/gcc/arm-none-eabi/7.2.1/../../../../arm-none-eabi/lib\libc_nano.a(lib_a-fwalk.o)
                                                  c:/program files (x86)/gnu tools arm embedded/7 2017-q4-major/bin/../lib/gcc/arm-none-eabi/7.2.1/../../../../arm-none-eabi/lib\libc_nano.a(lib_a-findfp.o)
_fwalk_reent                                      c:/program files (x86)/gnu tools arm embedded/7 2017-q4-major/bin/../lib/gcc/arm-none-eabi/7.2.1/../../../../arm-none-eabi/lib\libc_nano.a(lib_a-fwalk.o)
                                                  c:/program files (x86)/gnu tools arm embedded/7 2017-q4-major/bin/../lib/gcc/arm-none-eabi/7.2.1/../../../../arm-none-eabi/lib\libc_nano.a(lib_a-fflush.o)
                                                  c:/program files (x86)/gnu tools arm embedded/7 2017-q4-major/bin/../lib/gcc/arm-none-eabi/7.2.1/../../../../arm-none-eabi/lib\libc_nano.a(lib_a-findfp.o)
_getpid                                           ./_lib_/src/syscalls.o
_global_impure_ptr                                c:/program files (x86)/gnu tools arm embedded/7 2017-q4-major/bin/../lib/gcc/arm-none-eabi/7.2.1/../../../../arm-none-eabi/lib\libc_nano.a(lib_a-impure.o)
                                                  c:/program files (x86)/gnu tools arm embedded/7 2017-q4-major/bin/../lib/gcc/arm-none-eabi/7.2.1/../../../../arm-none-eabi/lib\libc_nano.a(lib_a-fflush.o)
                                                  c:/program files (x86)/gnu tools arm embedded/7 2017-q4-major/bin/../lib/gcc/arm-none-eabi/7.2.1/../../../../arm-none-eabi/lib\libc_nano.a(lib_a-findfp.o)
_impure_ptr                                       c:/program files (x86)/gnu tools arm embedded/7 2017-q4-major/bin/../lib/gcc/arm-none-eabi/7.2.1/../../../../arm-none-eabi/lib\libc_nano.a(lib_a-impure.o)
                                                  c:/program files (x86)/gnu tools arm embedded/7 2017-q4-major/bin/../lib/gcc/arm-none-eabi/7.2.1/../../../../arm-none-eabi/lib\libc_nano.a(lib_a-fflush.o)
                                                  c:/program files (x86)/gnu tools arm embedded/7 2017-q4-major/bin/../lib/gcc/arm-none-eabi/7.2.1/../../../../arm-none-eabi/lib\libc_nano.a(lib_a-wsetup.o)
                                                  c:/program files (x86)/gnu tools arm embedded/7 2017-q4-major/bin/../lib/gcc/arm-none-eabi/7.2.1/../../../../arm-none-eabi/lib\libc_nano.a(lib_a-wbuf.o)
                                                  c:/program files (x86)/gnu tools arm embedded/7 2017-q4-major/bin/../lib/gcc/arm-none-eabi/7.2.1/../../../../arm-none-eabi/lib\libc_nano.a(lib_a-nano-vfprintf.o)
                                                  c:/program files (x86)/gnu tools arm embedded/7 2017-q4-major/bin/../lib/gcc/arm-none-eabi/7.2.1/../../../../arm-none-eabi/lib\libc_nano.a(lib_a-findfp.o)
                                                  c:/program files (x86)/gnu tools arm embedded/7 2017-q4-major/bin/../lib/gcc/arm-none-eabi/7.2.1/../../../../arm-none-eabi/lib\libc_nano.a(lib_a-reent.o)
                                                  c:/program files (x86)/gnu tools arm embedded/7 2017-q4-major/bin/../lib/gcc/arm-none-eabi/7.2.1/../../../../arm-none-eabi/lib\libc_nano.a(lib_a-printf.o)
_iprintf_r                                        c:/program files (x86)/gnu tools arm embedded/7 2017-q4-major/bin/../lib/gcc/arm-none-eabi/7.2.1/../../../../arm-none-eabi/lib\libc_nano.a(lib_a-printf.o)
_isatty                                           ./_lib_/src/syscalls.o
                                                  c:/program files (x86)/gnu tools arm embedded/7 2017-q4-major/bin/../lib/gcc/arm-none-eabi/7.2.1/../../../../arm-none-eabi/lib\libc_nano.a(lib_a-isattyr.o)
_isatty_r                                         c:/program files (x86)/gnu tools arm embedded/7 2017-q4-major/bin/../lib/gcc/arm-none-eabi/7.2.1/../../../../arm-none-eabi/lib\libc_nano.a(lib_a-isattyr.o)
                                                  c:/program files (x86)/gnu tools arm embedded/7 2017-q4-major/bin/../lib/gcc/arm-none-eabi/7.2.1/../../../../arm-none-eabi/lib\libc_nano.a(lib_a-makebuf.o)
_kill                                             ./_lib_/src/syscalls.o
_lseek                                            ./_lib_/src/syscalls.o
                                                  c:/program files (x86)/gnu tools arm embedded/7 2017-q4-major/bin/../lib/gcc/arm-none-eabi/7.2.1/../../../../arm-none-eabi/lib\libc_nano.a(lib_a-lseekr.o)
_lseek_r                                          c:/program files (x86)/gnu tools arm embedded/7 2017-q4-major/bin/../lib/gcc/arm-none-eabi/7.2.1/../../../../arm-none-eabi/lib\libc_nano.a(lib_a-lseekr.o)
                                                  c:/program files (x86)/gnu tools arm embedded/7 2017-q4-major/bin/../lib/gcc/arm-none-eabi/7.2.1/../../../../arm-none-eabi/lib\libc_nano.a(lib_a-stdio.o)
_malloc_r                                         c:/program files (x86)/gnu tools arm embedded/7 2017-q4-major/bin/../lib/gcc/arm-none-eabi/7.2.1/../../../../arm-none-eabi/lib\libc_nano.a(lib_a-nano-mallocr.o)
                                                  c:/program files (x86)/gnu tools arm embedded/7 2017-q4-major/bin/../lib/gcc/arm-none-eabi/7.2.1/../../../../arm-none-eabi/lib\libc_nano.a(lib_a-nano-reallocr.o)
                                                  c:/program files (x86)/gnu tools arm embedded/7 2017-q4-major/bin/../lib/gcc/arm-none-eabi/7.2.1/../../../../arm-none-eabi/lib\libc_nano.a(lib_a-makebuf.o)
                                                  c:/program files (x86)/gnu tools arm embedded/7 2017-q4-major/bin/../lib/gcc/arm-none-eabi/7.2.1/../../../../arm-none-eabi/lib\libc_nano.a(lib_a-fvwrite.o)
                                                  c:/program files (x86)/gnu tools arm embedded/7 2017-q4-major/bin/../lib/gcc/arm-none-eabi/7.2.1/../../../../arm-none-eabi/lib\libc_nano.a(lib_a-findfp.o)
_malloc_usable_size_r                             c:/program files (x86)/gnu tools arm embedded/7 2017-q4-major/bin/../lib/gcc/arm-none-eabi/7.2.1/../../../../arm-none-eabi/lib\libc_nano.a(lib_a-nano-msizer.o)
                                                  c:/program files (x86)/gnu tools arm embedded/7 2017-q4-major/bin/../lib/gcc/arm-none-eabi/7.2.1/../../../../arm-none-eabi/lib\libc_nano.a(lib_a-nano-reallocr.o)
_prefetch_abort_                                  ./src/exception.o
_printf_common                                    c:/program files (x86)/gnu tools arm embedded/7 2017-q4-major/bin/../lib/gcc/arm-none-eabi/7.2.1/../../../../arm-none-eabi/lib\libc_nano.a(lib_a-nano-vfprintf_i.o)
_printf_float                                     c:/program files (x86)/gnu tools arm embedded/7 2017-q4-major/bin/../lib/gcc/arm-none-eabi/7.2.1/../../../../arm-none-eabi/lib\libc_nano.a(lib_a-nano-vfprintf.o)
_printf_i                                         c:/program files (x86)/gnu tools arm embedded/7 2017-q4-major/bin/../lib/gcc/arm-none-eabi/7.2.1/../../../../arm-none-eabi/lib\libc_nano.a(lib_a-nano-vfprintf_i.o)
                                                  c:/program files (x86)/gnu tools arm embedded/7 2017-q4-major/bin/../lib/gcc/arm-none-eabi/7.2.1/../../../../arm-none-eabi/lib\libc_nano.a(lib_a-nano-vfprintf.o)
_printf_r                                         c:/program files (x86)/gnu tools arm embedded/7 2017-q4-major/bin/../lib/gcc/arm-none-eabi/7.2.1/../../../../arm-none-eabi/lib\libc_nano.a(lib_a-printf.o)
_putchar                                          ./src/system.o
                                                  ./_lib_/src/syscalls.o
                                                  ./_lib_/src/printf.o
_read                                             ./_lib_/src/syscalls.o
                                                  c:/program files (x86)/gnu tools arm embedded/7 2017-q4-major/bin/../lib/gcc/arm-none-eabi/7.2.1/../../../../arm-none-eabi/lib\libc_nano.a(lib_a-readr.o)
_read_r                                           c:/program files (x86)/gnu tools arm embedded/7 2017-q4-major/bin/../lib/gcc/arm-none-eabi/7.2.1/../../../../arm-none-eabi/lib\libc_nano.a(lib_a-readr.o)
                                                  c:/program files (x86)/gnu tools arm embedded/7 2017-q4-major/bin/../lib/gcc/arm-none-eabi/7.2.1/../../../../arm-none-eabi/lib\libc_nano.a(lib_a-stdio.o)
_realloc_r                                        c:/program files (x86)/gnu tools arm embedded/7 2017-q4-major/bin/../lib/gcc/arm-none-eabi/7.2.1/../../../../arm-none-eabi/lib\libc_nano.a(lib_a-nano-reallocr.o)
                                                  c:/program files (x86)/gnu tools arm embedded/7 2017-q4-major/bin/../lib/gcc/arm-none-eabi/7.2.1/../../../../arm-none-eabi/lib\libc_nano.a(lib_a-fvwrite.o)
_reclaim_reent                                    c:/program files (x86)/gnu tools arm embedded/7 2017-q4-major/bin/../lib/gcc/arm-none-eabi/7.2.1/../../../../arm-none-eabi/lib\libc_nano.a(lib_a-reent.o)
_sbrk_r                                           ./_lib_/src/syscalls.o
                                                  c:/program files (x86)/gnu tools arm embedded/7 2017-q4-major/bin/../lib/gcc/arm-none-eabi/7.2.1/../../../../arm-none-eabi/lib\libc_nano.a(lib_a-nano-mallocr.o)
_software_interrupt_                              ./src/exception.o
_start                                            ./_arm926_/src/start.o
_undefined_instruction_                           ./src/exception.o
_vfiprintf_r                                      c:/program files (x86)/gnu tools arm embedded/7 2017-q4-major/bin/../lib/gcc/arm-none-eabi/7.2.1/../../../../arm-none-eabi/lib\libc_nano.a(lib_a-nano-vfprintf.o)
_vfprintf_r                                       c:/program files (x86)/gnu tools arm embedded/7 2017-q4-major/bin/../lib/gcc/arm-none-eabi/7.2.1/../../../../arm-none-eabi/lib\libc_nano.a(lib_a-nano-vfprintf.o)
                                                  c:/program files (x86)/gnu tools arm embedded/7 2017-q4-major/bin/../lib/gcc/arm-none-eabi/7.2.1/../../../../arm-none-eabi/lib\libc_nano.a(lib_a-printf.o)
_write                                            ./_lib_/src/syscalls.o
                                                  c:/program files (x86)/gnu tools arm embedded/7 2017-q4-major/bin/../lib/gcc/arm-none-eabi/7.2.1/../../../../arm-none-eabi/lib\libc_nano.a(lib_a-writer.o)
_write_r                                          c:/program files (x86)/gnu tools arm embedded/7 2017-q4-major/bin/../lib/gcc/arm-none-eabi/7.2.1/../../../../arm-none-eabi/lib\libc_nano.a(lib_a-writer.o)
                                                  c:/program files (x86)/gnu tools arm embedded/7 2017-q4-major/bin/../lib/gcc/arm-none-eabi/7.2.1/../../../../arm-none-eabi/lib\libc_nano.a(lib_a-stdio.o)
cleanup_glue                                      c:/program files (x86)/gnu tools arm embedded/7 2017-q4-major/bin/../lib/gcc/arm-none-eabi/7.2.1/../../../../arm-none-eabi/lib\libc_nano.a(lib_a-reent.o)
clk_ahb_config                                    ./_drivers_/src/f1c100s_clock.o
                                                  ./src/system.o
clk_ahb_get_freq                                  ./_drivers_/src/f1c100s_clock.o
clk_apb_config                                    ./_drivers_/src/f1c100s_clock.o
                                                  ./src/system.o
clk_apb_get_freq                                  ./_drivers_/src/f1c100s_clock.o
                                                  ./_drivers_/src/f1c100s_uart.o
clk_cpu_config                                    ./_drivers_/src/f1c100s_clock.o
                                                  ./src/system.o
clk_cpu_get_freq                                  ./_drivers_/src/f1c100s_clock.o
clk_de_config                                     ./_drivers_/src/f1c100s_clock.o
                                                  ./_drivers_/src/f1c100s_de.o
clk_disable                                       ./_drivers_/src/f1c100s_clock.o
clk_enable                                        ./_drivers_/src/f1c100s_clock.o
                                                  ./_drivers_/src/f1c100s_tve.o
                                                  ./_drivers_/src/f1c100s_tvd.o
                                                  ./_drivers_/src/f1c100s_de.o
                                                  ./src/system.o
                                                  ./src/spi_flash.o
clk_hclk_config                                   ./_drivers_/src/f1c100s_clock.o
                                                  ./src/system.o
clk_hclk_get_freq                                 ./_drivers_/src/f1c100s_clock.o
clk_pll_disable                                   ./_drivers_/src/f1c100s_clock.o
clk_pll_enable                                    ./_drivers_/src/f1c100s_clock.o
                                                  ./src/system.o
clk_pll_get_freq                                  ./_drivers_/src/f1c100s_clock.o
                                                  ./_drivers_/src/f1c100s_tve.o
                                                  ./_drivers_/src/f1c100s_tvd.o
                                                  ./_drivers_/src/f1c100s_de.o
clk_pll_init                                      ./_drivers_/src/f1c100s_clock.o
                                                  ./src/system.o
clk_pll_is_locked                                 ./_drivers_/src/f1c100s_clock.o
                                                  ./src/system.o
clk_reset_clear                                   ./_drivers_/src/f1c100s_clock.o
                                                  ./_drivers_/src/f1c100s_tve.o
                                                  ./_drivers_/src/f1c100s_tvd.o
                                                  ./_drivers_/src/f1c100s_de.o
                                                  ./src/system.o
                                                  ./src/spi_flash.o
clk_reset_set                                     ./_drivers_/src/f1c100s_clock.o
                                                  ./_drivers_/src/f1c100s_de.o
clk_sdc_config                                    ./_drivers_/src/f1c100s_clock.o
                                                  ./_drivers_/src/f1c100s_sdc.o
clk_tcon_config                                   ./_drivers_/src/f1c100s_clock.o
                                                  ./_drivers_/src/f1c100s_de.o
clk_tvd_config                                    ./_drivers_/src/f1c100s_clock.o
                                                  ./_drivers_/src/f1c100s_tvd.o
clk_tve_config                                    ./_drivers_/src/f1c100s_clock.o
                                                  ./_drivers_/src/f1c100s_tve.o
de_diable                                         ./_drivers_/src/f1c100s_de.o
de_enable                                         ./_drivers_/src/f1c100s_de.o
de_lcd_init                                       ./_drivers_/src/f1c100s_de.o
de_tv_init                                        ./_drivers_/src/f1c100s_de.o
debe_layer_disable                                ./_drivers_/src/f1c100s_de.o
debe_layer_enable                                 ./_drivers_/src/f1c100s_de.o
debe_layer_init                                   ./_drivers_/src/f1c100s_de.o
debe_layer_set_addr                               ./_drivers_/src/f1c100s_de.o
debe_layer_set_alpha                              ./_drivers_/src/f1c100s_de.o
debe_layer_set_mode                               ./_drivers_/src/f1c100s_de.o
debe_layer_set_pos                                ./_drivers_/src/f1c100s_de.o
debe_layer_set_size                               ./_drivers_/src/f1c100s_de.o
debe_load                                         ./_drivers_/src/f1c100s_de.o
debe_set_bg_color                                 ./_drivers_/src/f1c100s_de.o
debe_write_palette                                ./_drivers_/src/f1c100s_de.o
defe_init_spl_422                                 ./_drivers_/src/f1c100s_de.o
delay                                             ./src/main.o
eint_debounce_config                              ./_drivers_/src/f1c100s_gpio.o
eint_get_status                                   ./_drivers_/src/f1c100s_gpio.o
eint_pin_clear_status                             ./_drivers_/src/f1c100s_gpio.o
eint_pin_disable                                  ./_drivers_/src/f1c100s_gpio.o
eint_pin_enable                                   ./_drivers_/src/f1c100s_gpio.o
eint_pin_get_status                               ./_drivers_/src/f1c100s_gpio.o
eint_pin_init                                     ./_drivers_/src/f1c100s_gpio.o
errno                                             c:/program files (x86)/gnu tools arm embedded/7 2017-q4-major/bin/../lib/gcc/arm-none-eabi/7.2.1/../../../../arm-none-eabi/lib\libc_nano.a(lib_a-reent.o)
                                                  c:/program files (x86)/gnu tools arm embedded/7 2017-q4-major/bin/../lib/gcc/arm-none-eabi/7.2.1/../../../../arm-none-eabi/lib\libc_nano.a(lib_a-isattyr.o)
                                                  c:/program files (x86)/gnu tools arm embedded/7 2017-q4-major/bin/../lib/gcc/arm-none-eabi/7.2.1/../../../../arm-none-eabi/lib\libc_nano.a(lib_a-fstatr.o)
                                                  c:/program files (x86)/gnu tools arm embedded/7 2017-q4-major/bin/../lib/gcc/arm-none-eabi/7.2.1/../../../../arm-none-eabi/lib\libc_nano.a(lib_a-readr.o)
                                                  c:/program files (x86)/gnu tools arm embedded/7 2017-q4-major/bin/../lib/gcc/arm-none-eabi/7.2.1/../../../../arm-none-eabi/lib\libc_nano.a(lib_a-lseekr.o)
                                                  c:/program files (x86)/gnu tools arm embedded/7 2017-q4-major/bin/../lib/gcc/arm-none-eabi/7.2.1/../../../../arm-none-eabi/lib\libc_nano.a(lib_a-closer.o)
                                                  c:/program files (x86)/gnu tools arm embedded/7 2017-q4-major/bin/../lib/gcc/arm-none-eabi/7.2.1/../../../../arm-none-eabi/lib\libc_nano.a(lib_a-writer.o)
                                                  ./_lib_/src/syscalls.o
fctprintf                                         ./_lib_/src/printf.o
fflush                                            c:/program files (x86)/gnu tools arm embedded/7 2017-q4-major/bin/../lib/gcc/arm-none-eabi/7.2.1/../../../../arm-none-eabi/lib\libc_nano.a(lib_a-fflush.o)
gpio_clear                                        ./_drivers_/src/f1c100s_gpio.o
gpio_init                                         ./_drivers_/src/f1c100s_gpio.o
                                                  ./src/system.o
                                                  ./src/spi_flash.o
gpio_pin_clear                                    ./_drivers_/src/f1c100s_gpio.o
                                                  ./src/main.o
gpio_pin_get                                      ./_drivers_/src/f1c100s_gpio.o
gpio_pin_init                                     ./_drivers_/src/f1c100s_gpio.o
                                                  ./src/main.o
gpio_pin_set                                      ./_drivers_/src/f1c100s_gpio.o
                                                  ./src/main.o
gpio_pin_toggle                                   ./_drivers_/src/f1c100s_gpio.o
gpio_read                                         ./_drivers_/src/f1c100s_gpio.o
gpio_set                                          ./_drivers_/src/f1c100s_gpio.o
gpio_write                                        ./_drivers_/src/f1c100s_gpio.o
intc_disable_irq                                  ./_drivers_/src/f1c100s_intc.o
intc_enable_irq                                   ./_drivers_/src/f1c100s_intc.o
intc_init                                         ./_drivers_/src/f1c100s_intc.o
                                                  ./src/system.o
intc_set_irq_handler                              ./_drivers_/src/f1c100s_intc.o
intc_set_priority                                 ./_drivers_/src/f1c100s_intc.o
iprintf                                           c:/program files (x86)/gnu tools arm embedded/7 2017-q4-major/bin/../lib/gcc/arm-none-eabi/7.2.1/../../../../arm-none-eabi/lib\libc_nano.a(lib_a-printf.o)
irq_handler_global                                ./_drivers_/src/f1c100s_intc.o